layer at (0,0) size 800x600
  RenderView at (0,0) size 800x600
layer at (0,0) size 800x87
  RenderBlock {HTML} at (0,0) size 800x87
    RenderBody {BODY} at (8,16) size 784x55
      RenderBlock {UL} at (0,0) size 784x55
        RenderListItem {LI} at (40,0) size 744x55
          RenderBlock {FORM} at (0,0) size 744x21
            RenderBlock {P} at (0,0) size 744x21
              RenderListMarker at (-17,1) size 7x18: bullet
              RenderTextControl {INPUT} at (0,0) size 296x21 [bgcolor=#FFFFFF] [border: (2px inset #808080)]
              RenderText {#text} at (0,0) size 0x0
          RenderBlock {P} at (0,37) size 744x18
            RenderText {#text} at (0,0) size 339x18
              text run at (0,0) width 339: "There should be an input field above this line of text."
layer at (55,20) size 282x13
  RenderBlock {DIV} at (7,4) size 282x13
    RenderText {#text} at (0,0) size 56x13
      text run at (0,0) width 56: "blah blubb"
