layer at (0,0) size 800x600
  RenderView at (0,0) size 800x600
layer at (0,0) size 800x600
  RenderBlock {HTML} at (0,0) size 800x600
    RenderBody {BODY} at (8,8) size 784x584
      RenderBlock {DIV} at (0,0) size 10x43
        RenderText {#text} at (0,0) size 25x18
          text run at (0,0) width 25: "Foo"
        RenderImage {IMG} at (0,18) size 25x25
      RenderBlock {DIV} at (0,43) size 10x38
        RenderText {#text} at (0,0) size 25x18
          text run at (0,0) width 25: "Foo"
        RenderMenuList {SELECT} at (0,18) size 55x20 [color=#000000D8] [bgcolor=#FFFFFF] [border: (1px solid #000000D8)]
          RenderBlock (anonymous) at (1,1) size 53x18
            RenderText at (8,2) size 22x13
              text run at (8,2) width 22: "One"
      RenderBlock {DIV} at (0,81) size 10x39
        RenderText {#text} at (0,0) size 25x18
          text run at (0,0) width 25: "Foo"
        RenderTextControl {INPUT} at (0,18) size 156x21 [bgcolor=#FFFFFF] [border: (2px inset #808080)]
      RenderBlock {DIV} at (0,120) size 10x43
        RenderImage {IMG} at (0,0) size 25x25
        RenderText {#text} at (0,25) size 25x18
          text run at (0,25) width 25: "Foo"
      RenderBlock {DIV} at (0,163) size 10x38
        RenderMenuList {SELECT} at (0,0) size 55x20 [color=#000000D8] [bgcolor=#FFFFFF] [border: (1px solid #000000D8)]
          RenderBlock (anonymous) at (1,1) size 53x18
            RenderText at (8,2) size 22x13
              text run at (8,2) width 22: "One"
        RenderText {#text} at (0,20) size 25x18
          text run at (0,20) width 25: "Foo"
      RenderBlock {DIV} at (0,201) size 10x39
        RenderTextControl {INPUT} at (0,0) size 156x21 [bgcolor=#FFFFFF] [border: (2px inset #808080)]
        RenderText {#text} at (0,21) size 25x18
          text run at (0,21) width 25: "Foo"
layer at (15,111) size 142x13
  RenderBlock {DIV} at (7,4) size 142x13
layer at (15,213) size 142x13
  RenderBlock {DIV} at (7,4) size 142x13
