layer at (0,0) size 800x600
  RenderView at (0,0) size 800x600
layer at (0,0) size 800x600
  RenderBlock {HTML} at (0,0) size 800x600
    RenderBody {BODY} at (8,8) size 784x576
      RenderBlock (anonymous) at (0,0) size 784x44
        RenderIFrame {IFRAME} at (0,0) size 204x44 [border: (2px inset #000000)]
          layer at (0,0) size 200x40
            RenderView at (0,0) size 200x40
          layer at (0,0) size 200x40
            RenderBlock {HTML} at (0,0) size 200x40
              RenderBody {BODY} at (8,8) size 184x24
                RenderTextControl {INPUT} at (0,0) size 156x21 [bgcolor=#FFFFFF] [border: (2px inset #808080)]
          layer at (15,12) size 142x13
            RenderBlock {DIV} at (7,4) size 142x13
        RenderText {#text} at (0,0) size 0x0
      RenderBlock {P} at (0,60) size 784x21
        RenderText {#text} at (0,1) size 373x18
          text run at (0,1) width 373: "This field should look and act focused. Try to type into it: "
        RenderTextControl {INPUT} at (372,0) size 157x21 [bgcolor=#FFFFFF] [border: (2px inset #808080)]
layer at (387,72) size 142x13
  RenderBlock {DIV} at (7,4) size 142x13
    RenderText {#text} at (0,0) size 29x13
      text run at (0,0) width 29: "PASS"
caret: position 4 of child 0 {#text} of child 0 {DIV} of {#document-fragment} of child 1 {INPUT} of child 3 {P} of body
