layer at (0,0) size 800x600
  RenderView at (0,0) size 800x600
layer at (0,0) size 800x205
  RenderBlock {HTML} at (0,0) size 800x205
    RenderBody {BODY} at (8,16) size 784x181
      RenderBlock {P} at (0,0) size 784x36
        RenderText {#text} at (0,0) size 767x36
          text run at (0,0) width 767: "This tests that the Strong Password AutoFill and viewable visual treatment renders in an auto-filled input. It can only be"
          text run at (0,18) width 137: "tested in the test tool."
      RenderBlock {DIV} at (0,52) size 784x129
        RenderTextControl {INPUT} at (0,0) size 168x21 [bgcolor=#FAFFBD] [border: (2px inset #808080)]
        RenderText {#text} at (168,0) size 4x18
          text run at (168,0) width 4: " "
        RenderTextControl {INPUT} at (172,0) size 168x21 [bgcolor=#FAFFBD] [border: (2px inset #808080)]
          RenderFlexibleBox {DIV} at (7,4) size 154x13
            RenderBlock {DIV} at (0,0) size 154x13
        RenderText {#text} at (340,0) size 4x18
          text run at (340,0) width 4: " "
        RenderTextControl {INPUT} at (344,0) size 314x21 [bgcolor=#FAFFBD] [border: (2px inset #808080)]
          RenderFlexibleBox {DIV} at (7,4) size 300x13
            RenderBlock {DIV} at (0,0) size 300x13
        RenderText {#text} at (658,0) size 4x18
          text run at (658,0) width 4: " "
        RenderTextControl {INPUT} at (662,0) size 34x21 [bgcolor=#FAFFBD] [border: (2px inset #808080)]
          RenderFlexibleBox {DIV} at (7,4) size 20x13
            RenderBlock {DIV} at (0,0) size 20x13
        RenderText {#text} at (0,0) size 0x0
        RenderTextControl {INPUT} at (0,21) size 168x108 [bgcolor=#FAFFBD] [border: (2px inset #808080)]
          RenderFlexibleBox {DIV} at (7,4) size 154x100
            RenderBlock {DIV} at (0,43) size 154x14
        RenderText {#text} at (168,64) size 4x18
          text run at (168,64) width 4: " "
        RenderTextControl {INPUT} at (172,21) size 34x108 [bgcolor=#FAFFBD] [border: (2px inset #808080)]
          RenderFlexibleBox {DIV} at (7,4) size 20x100
            RenderBlock {DIV} at (0,43) size 20x14
        RenderText {#text} at (206,64) size 4x18
          text run at (206,64) width 4: " "
        RenderTextControl {INPUT} at (210,64) size 168x21 [bgcolor=#FAFFBD] [border: (2px inset #808080)]
layer at (15,72) size 154x13 scrollWidth 286
  RenderBlock {DIV} at (7,4) size 154x13
    RenderText {#text} at (0,0) size 284x13
      text run at (0,0) width 284: "A quick brown fox jumped over the lazy dog."
layer at (187,72) size 154x13 scrollWidth 286
  RenderBlock {DIV} at (0,0) size 154x13
    RenderText {#text} at (0,0) size 284x13
      text run at (0,0) width 284: "A quick brown fox jumped over the lazy dog."
layer at (359,72) size 300x13
  RenderBlock {DIV} at (0,0) size 300x13
    RenderText {#text} at (0,0) size 284x13
      text run at (0,0) width 284: "A quick brown fox jumped over the lazy dog."
layer at (677,72) size 20x13 scrollWidth 286
  RenderBlock {DIV} at (0,0) size 20x13
    RenderText {#text} at (0,0) size 284x13
      text run at (0,0) width 284: "A quick brown fox jumped over the lazy dog."
layer at (15,137) size 154x13 scrollWidth 286
  RenderBlock {DIV} at (0,0) size 154x13
    RenderText {#text} at (0,0) size 284x13
      text run at (0,0) width 284: "A quick brown fox jumped over the lazy dog."
layer at (187,137) size 20x13 scrollWidth 286
  RenderBlock {DIV} at (0,0) size 20x13
    RenderText {#text} at (0,0) size 284x13
      text run at (0,0) width 284: "A quick brown fox jumped over the lazy dog."
layer at (225,136) size 154x13
  RenderBlock {DIV} at (7,4) size 154x13
