layer at (0,0) size 800x600
  RenderView at (0,0) size 800x600
layer at (0,0) size 800x213
  RenderBlock {HTML} at (0,0) size 800x213
    RenderBody {BODY} at (8,16) size 784x189
      RenderBlock {P} at (0,0) size 784x18
        RenderText {#text} at (0,0) size 757x18
          text run at (0,0) width 757: "This tests that the Strong Password AutoFill button renders in an auto-filled input. It can only be tested in the test tool."
      RenderBlock {DIV} at (0,34) size 784x155
        RenderTextControl {INPUT} at (0,13) size 166x21 [bgcolor=#FAFFBD] [border: (2px inset #808080)]
        RenderText {#text} at (166,14) size 4x18
          text run at (166,14) width 4: " "
        RenderTextControl {INPUT} at (170,13) size 166x21 [bgcolor=#FAFFBD] [border: (2px inset #808080)]
        RenderText {#text} at (336,14) size 4x18
          text run at (336,14) width 4: " "
        RenderTextControl {INPUT} at (340,13) size 314x21 [bgcolor=#FAFFBD] [border: (2px inset #808080)]
        RenderText {#text} at (654,14) size 4x18
          text run at (654,14) width 4: " "
        RenderTextControl {INPUT} at (658,0) size 34x21 [bgcolor=#FAFFBD] [border: (2px inset #808080)]
        RenderText {#text} at (0,0) size 0x0
        RenderTextControl {INPUT} at (0,47) size 166x108 [bgcolor=#FAFFBD] [border: (2px inset #808080)]
        RenderText {#text} at (166,91) size 4x18
          text run at (166,91) width 4: " "
        RenderTextControl {INPUT} at (170,34) size 34x108 [bgcolor=#FAFFBD] [border: (2px inset #808080)]
        RenderText {#text} at (204,91) size 4x18
          text run at (204,91) width 4: " "
        RenderTextControl {INPUT} at (208,90) size 166x21 [bgcolor=#FAFFBD] [border: (2px inset #808080)]
layer at (15,67) size 152x13
  RenderFlexibleBox {DIV} at (7,4) size 152x13
    RenderBlock {DIV} at (57,0) size 95x13 [color=#000000CC]
      RenderText {#text} at (6,0) size 89x13
        text run at (6,0) width 89: "Strong Password"
layer at (15,67) size 58x13
  RenderBlock {DIV} at (0,0) size 58x13
layer at (185,67) size 152x13
  RenderFlexibleBox {DIV} at (7,4) size 152x13
    RenderBlock {DIV} at (57,0) size 95x13 [color=#000000CC]
      RenderText {#text} at (6,0) size 89x13
        text run at (6,0) width 89: "Strong Password"
layer at (185,67) size 58x13
  RenderBlock {DIV} at (0,0) size 58x13
layer at (355,67) size 300x13
  RenderFlexibleBox {DIV} at (7,4) size 300x13
    RenderBlock {DIV} at (205,0) size 95x13 [color=#000000CC]
      RenderText {#text} at (6,0) size 89x13
        text run at (6,0) width 89: "Strong Password"
layer at (355,67) size 206x13
  RenderBlock {DIV} at (0,0) size 206x13
layer at (673,54) size 20x13 scrollWidth 94 scrollHeight 26
  RenderFlexibleBox {DIV} at (7,4) size 20x13
    RenderBlock {DIV} at (0,13) size 95x13 [color=#000000CC]
      RenderText {#text} at (6,0) size 89x13
        text run at (6,0) width 89: "Strong Password"
layer at (673,54) size 20x13
  RenderBlock {DIV} at (0,0) size 20x13
layer at (15,145) size 152x13
  RenderFlexibleBox {DIV} at (7,47) size 152x14
    RenderBlock {DIV} at (57,0) size 95x13 [color=#000000CC]
      RenderText {#text} at (6,0) size 89x13
        text run at (6,0) width 89: "Strong Password"
layer at (15,145) size 58x13
  RenderBlock {DIV} at (0,0) size 58x13
layer at (185,132) size 20x13 scrollWidth 94 scrollHeight 26
  RenderFlexibleBox {DIV} at (7,47) size 20x14
    RenderBlock {DIV} at (0,13) size 95x13 [color=#000000CC]
      RenderText {#text} at (6,0) size 89x13
        text run at (6,0) width 89: "Strong Password"
layer at (185,132) size 20x13
  RenderBlock {DIV} at (0,0) size 20x13
layer at (223,144) size 152x13
  RenderFlexibleBox {DIV} at (7,4) size 152x13
    RenderBlock {DIV} at (57,0) size 95x13 [color=#000000CC]
      RenderText {#text} at (6,0) size 89x13
        text run at (6,0) width 89: "Strong Password"
layer at (223,144) size 58x13
  RenderBlock {DIV} at (0,0) size 58x13
layer at (15,67) size 58x13 scrollWidth 284
  RenderBlock {DIV} at (0,0) size 58x13 [color=#00000099]
    RenderText {#text} at (0,0) size 284x13
      text run at (0,0) width 284: "A quick brown fox jumped over the lazy dog."
layer at (185,67) size 58x13 scrollWidth 284
  RenderBlock {DIV} at (0,0) size 58x13 [color=#00000099]
    RenderText {#text} at (0,0) size 284x13
      text run at (0,0) width 284: "A quick brown fox jumped over the lazy dog."
layer at (355,67) size 206x13 scrollWidth 284
  RenderBlock {DIV} at (0,0) size 206x13 [color=#00000099]
    RenderText {#text} at (0,0) size 284x13
      text run at (0,0) width 284: "A quick brown fox jumped over the lazy dog."
layer at (673,54) size 20x13 scrollWidth 284
  RenderBlock {DIV} at (0,0) size 20x13 [color=#00000099]
    RenderText {#text} at (0,0) size 284x13
      text run at (0,0) width 284: "A quick brown fox jumped over the lazy dog."
layer at (15,145) size 58x13 scrollWidth 284
  RenderBlock {DIV} at (0,0) size 58x13 [color=#00000099]
    RenderText {#text} at (0,0) size 284x13
      text run at (0,0) width 284: "A quick brown fox jumped over the lazy dog."
layer at (185,132) size 20x13 scrollWidth 284
  RenderBlock {DIV} at (0,0) size 20x13 [color=#00000099]
    RenderText {#text} at (0,0) size 284x13
      text run at (0,0) width 284: "A quick brown fox jumped over the lazy dog."
