layer at (0,0) size 800x600
  RenderView at (0,0) size 800x600
layer at (0,0) size 800x362
  RenderBlock {HTML} at (0,0) size 800x362
    RenderBody {BODY} at (8,16) size 784x330
      RenderBlock {P} at (0,0) size 784x18
        RenderText {#text} at (0,0) size 314x18
          text run at (0,0) width 314: "This test is a basic check for using text-overflow."
      RenderBlock {P} at (0,34) size 784x102
        RenderText {#text} at (0,0) size 489x18
          text run at (0,0) width 489: "Apply \"text-overflow:clip\" to inputs. The following input should be clipped:"
        RenderBR {BR} at (488,0) size 1x18
        RenderTextControl {INPUT} at (0,18) size 156x21 [bgcolor=#FFFFFF] [border: (2px inset #808080)]
        RenderText {#text} at (155,19) size 5x18
          text run at (155,19) width 5: " "
        RenderTextControl {INPUT} at (159,18) size 157x21 [bgcolor=#FFFFFF] [border: (2px inset #808080)]
          RenderFlexibleBox {DIV} at (7,4) size 142x13
            RenderBlock {DIV} at (0,1) size 11x11
            RenderBlock {DIV} at (14,0) size 117x13
            RenderBlock {DIV} at (130,1) size 12x11
        RenderText {#text} at (315,19) size 5x18
          text run at (315,19) width 5: " "
        RenderTextControl {INPUT} at (319,18) size 157x21 [bgcolor=#FFFFFF] [border: (2px inset #808080)]
        RenderText {#text} at (475,19) size 5x18
          text run at (475,19) width 5: " "
        RenderTextControl {INPUT} at (479,18) size 157x21 [bgcolor=#FFFFFF] [border: (2px inset #808080)]
          RenderFlexibleBox {DIV} at (7,4) size 142x13
            RenderBlock {DIV} at (0,1) size 11x11
            RenderBlock {DIV} at (14,0) size 117x13
            RenderBlock {DIV} at (130,1) size 12x11
        RenderText {#text} at (0,0) size 0x0
        RenderTextControl {INPUT} at (0,39) size 156x21 [bgcolor=#FFFFFF] [border: (2px inset #808080)]
          RenderFlexibleBox {DIV} at (7,4) size 142x13
            RenderBlock {DIV} at (0,0) size 142x13
        RenderBR {BR} at (155,40) size 1x18
        RenderTextControl {INPUT} at (0,60) size 154x21 [bgcolor=#FFFFFF] [border: (2px inset #808080)]
        RenderText {#text} at (153,61) size 5x18
          text run at (153,61) width 5: " "
        RenderTextControl {INPUT} at (157,60) size 155x21 [bgcolor=#FFFFFF] [border: (2px inset #808080)]
          RenderFlexibleBox {DIV} at (7,4) size 140x13
            RenderBlock {DIV} at (128,1) size 12x11
            RenderBlock {DIV} at (11,0) size 114x13
            RenderBlock {DIV} at (0,1) size 11x11
        RenderText {#text} at (311,61) size 5x18
          text run at (311,61) width 5: " "
        RenderTextControl {INPUT} at (315,60) size 155x21 [bgcolor=#FFFFFF] [border: (2px inset #808080)]
        RenderText {#text} at (469,61) size 5x18
          text run at (469,61) width 5: " "
        RenderTextControl {INPUT} at (473,60) size 155x21 [bgcolor=#FFFFFF] [border: (2px inset #808080)]
          RenderFlexibleBox {DIV} at (7,4) size 140x13
            RenderBlock {DIV} at (128,1) size 12x11
            RenderBlock {DIV} at (11,0) size 114x13
            RenderBlock {DIV} at (0,1) size 11x11
        RenderText {#text} at (0,0) size 0x0
        RenderTextControl {INPUT} at (0,81) size 154x21 [bgcolor=#FFFFFF] [border: (2px inset #808080)]
          RenderFlexibleBox {DIV} at (7,4) size 140x13
            RenderBlock {DIV} at (0,0) size 140x13
        RenderText {#text} at (0,0) size 0x0
      RenderBlock {P} at (0,152) size 784x102
        RenderText {#text} at (0,0) size 546x18
          text run at (0,0) width 546: "Apply \"text-overflow:ellipsis\" to inputs. The following input should show an ellipsis:"
        RenderBR {BR} at (545,0) size 1x18
        RenderTextControl {INPUT} at (0,18) size 156x21 [bgcolor=#FFFFFF] [border: (2px inset #808080)]
        RenderText {#text} at (155,19) size 5x18
          text run at (155,19) width 5: " "
        RenderTextControl {INPUT} at (159,18) size 157x21 [bgcolor=#FFFFFF] [border: (2px inset #808080)]
          RenderFlexibleBox {DIV} at (7,4) size 142x13
            RenderBlock {DIV} at (0,1) size 11x11
            RenderBlock {DIV} at (14,0) size 117x13
            RenderBlock {DIV} at (130,1) size 12x11
        RenderText {#text} at (315,19) size 5x18
          text run at (315,19) width 5: " "
        RenderTextControl {INPUT} at (319,18) size 157x21 [bgcolor=#FFFFFF] [border: (2px inset #808080)]
        RenderText {#text} at (475,19) size 5x18
          text run at (475,19) width 5: " "
        RenderTextControl {INPUT} at (479,18) size 157x21 [bgcolor=#FFFFFF] [border: (2px inset #808080)]
          RenderFlexibleBox {DIV} at (7,4) size 142x13
            RenderBlock {DIV} at (0,1) size 11x11
            RenderBlock {DIV} at (14,0) size 117x13
            RenderBlock {DIV} at (130,1) size 12x11
        RenderText {#text} at (0,0) size 0x0
        RenderTextControl {INPUT} at (0,39) size 156x21 [bgcolor=#FFFFFF] [border: (2px inset #808080)]
          RenderFlexibleBox {DIV} at (7,4) size 142x13
            RenderBlock {DIV} at (0,0) size 142x13
        RenderBR {BR} at (155,40) size 1x18
        RenderTextControl {INPUT} at (0,60) size 154x21 [bgcolor=#FFFFFF] [border: (2px inset #808080)]
        RenderText {#text} at (153,61) size 5x18
          text run at (153,61) width 5: " "
        RenderTextControl {INPUT} at (157,60) size 155x21 [bgcolor=#FFFFFF] [border: (2px inset #808080)]
          RenderFlexibleBox {DIV} at (7,4) size 140x13
            RenderBlock {DIV} at (128,1) size 12x11
            RenderBlock {DIV} at (11,0) size 114x13
            RenderBlock {DIV} at (0,1) size 11x11
        RenderText {#text} at (311,61) size 5x18
          text run at (311,61) width 5: " "
        RenderTextControl {INPUT} at (315,60) size 155x21 [bgcolor=#FFFFFF] [border: (2px inset #808080)]
        RenderText {#text} at (469,61) size 5x18
          text run at (469,61) width 5: " "
        RenderTextControl {INPUT} at (473,60) size 155x21 [bgcolor=#FFFFFF] [border: (2px inset #808080)]
          RenderFlexibleBox {DIV} at (7,4) size 140x13
            RenderBlock {DIV} at (128,1) size 12x11
            RenderBlock {DIV} at (11,0) size 114x13
            RenderBlock {DIV} at (0,1) size 11x11
        RenderText {#text} at (0,0) size 0x0
        RenderTextControl {INPUT} at (0,81) size 154x21 [bgcolor=#FFFFFF] [border: (2px inset #808080)]
          RenderFlexibleBox {DIV} at (7,4) size 140x13
            RenderBlock {DIV} at (0,0) size 140x13
        RenderText {#text} at (0,0) size 0x0
      RenderBlock {P} at (0,270) size 784x60
        RenderText {#text} at (0,0) size 237x18
          text run at (0,0) width 237: "Dynamic style change text-overflow:"
        RenderBR {BR} at (236,0) size 1x18
        RenderText {#text} at (0,19) size 247x18
          text run at (0,19) width 247: "Clip to ellipsis (should show ellipsis): "
        RenderTextControl {INPUT} at (246,18) size 157x21 [bgcolor=#FFFFFF] [border: (2px inset #808080)]
        RenderText {#text} at (402,19) size 5x18
          text run at (402,19) width 5: " "
        RenderTextControl {INPUT} at (406,18) size 156x21 [bgcolor=#FFFFFF] [border: (2px inset #808080)]
        RenderText {#text} at (0,0) size 0x0
        RenderBR {BR} at (561,19) size 1x18
        RenderText {#text} at (0,40) size 270x18
          text run at (0,40) width 270: "Ellipsis to clip (should not show ellipsis): "
        RenderTextControl {INPUT} at (269,39) size 157x21 [bgcolor=#FFFFFF] [border: (2px inset #808080)]
        RenderText {#text} at (425,40) size 5x18
          text run at (425,40) width 5: " "
        RenderTextControl {INPUT} at (429,39) size 157x21 [bgcolor=#FFFFFF] [border: (2px inset #808080)]
        RenderText {#text} at (0,0) size 0x0
        RenderBR {BR} at (585,40) size 1x18
layer at (15,72) size 142x13 scrollWidth 288
  RenderBlock {DIV} at (7,4) size 142x13 [color=#A9A9A9]
    RenderText {#text} at (0,0) size 288x13
      text run at (0,0) width 288: "Lorem ipsum dolor sit amet, consectetur adipiscing elit"
layer at (15,72) size 142x13
  RenderBlock {DIV} at (7,4) size 142x13
layer at (190,72) size 116x13 scrollWidth 288
  RenderBlock {DIV} at (21,4) size 117x13 [color=#A9A9A9]
    RenderText {#text} at (0,0) size 288x13
      text run at (0,0) width 288: "Lorem ipsum dolor sit amet, consectetur adipiscing elit"
layer at (190,72) size 116x13
  RenderBlock {DIV} at (0,0) size 116x13
layer at (335,72) size 142x13 scrollWidth 290
  RenderBlock {DIV} at (7,4) size 142x13
    RenderText {#text} at (0,0) size 288x13
      text run at (0,0) width 288: "Lorem ipsum dolor sit amet, consectetur adipiscing elit"
layer at (510,72) size 116x13 scrollWidth 290
  RenderBlock {DIV} at (0,0) size 116x13
    RenderText {#text} at (0,0) size 288x13
      text run at (0,0) width 288: "Lorem ipsum dolor sit amet, consectetur adipiscing elit"
layer at (15,93) size 142x13 scrollWidth 387
  RenderBlock {DIV} at (0,0) size 142x13
    RenderText {#text} at (0,0) size 385x13
      text run at (0,0) width 385: "\x{F79A}\x{F79A}\x{F79A}\x{F79A}\x{F79A}\x{F79A}\x{F79A}\x{F79A}\x{F79A}\x{F79A}\x{F79A}\x{F79A}\x{F79A}\x{F79A}\x{F79A}\x{F79A}\x{F79A}\x{F79A}\x{F79A}\x{F79A}\x{F79A}\x{F79A}\x{F79A}\x{F79A}\x{F79A}\x{F79A}\x{F79A}\x{F79A}\x{F79A}\x{F79A}\x{F79A}\x{F79A}\x{F79A}\x{F79A}\x{F79A}\x{F79A}\x{F79A}\x{F79A}\x{F79A}\x{F79A}\x{F79A}\x{F79A}\x{F79A}\x{F79A}\x{F79A}\x{F79A}\x{F79A}\x{F79A}\x{F79A}\x{F79A}\x{F79A}\x{F79A}\x{F79A}\x{F79A}\x{F79A}"
layer at (15,114) size 140x13 scrollX 148 scrollWidth 288
  RenderBlock {DIV} at (7,4) size 140x13 [color=#A9A9A9]
    RenderText {#text} at (-148,0) size 288x13
      text run at (-147,0) width 32: "Lorem"
      text run at (-115,0) width 3: " "
      text run at (-112,0) width 32: "ipsum"
      text run at (-80,0) width 3: " "
      text run at (-77,0) width 27: "dolor"
      text run at (-50,0) width 3: " "
      text run at (-47,0) width 13: "sit"
      text run at (-34,0) width 3: " "
      text run at (-31,0) width 30: "amet,"
      text run at (-1,0) width 3: " "
      text run at (1,0) width 64: "consectetur"
      text run at (64,0) width 4: " "
      text run at (67,0) width 54: "adipiscing"
      text run at (120,0) width 4: " "
      text run at (123,0) width 17: "elit"
layer at (15,114) size 140x13
  RenderBlock {DIV} at (7,4) size 140x13
layer at (184,114) size 114x13 scrollX 174 scrollWidth 288
  RenderBlock {DIV} at (18,4) size 114x13 [color=#A9A9A9]
    RenderText {#text} at (-174,0) size 288x13
      text run at (-173,0) width 32: "Lorem"
      text run at (-141,0) width 3: " "
      text run at (-138,0) width 32: "ipsum"
      text run at (-106,0) width 3: " "
      text run at (-103,0) width 27: "dolor"
      text run at (-76,0) width 3: " "
      text run at (-73,0) width 13: "sit"
      text run at (-60,0) width 3: " "
      text run at (-57,0) width 30: "amet,"
      text run at (-27,0) width 3: " "
      text run at (-24,0) width 63: "consectetur"
      text run at (38,0) width 4: " "
      text run at (41,0) width 54: "adipiscing"
      text run at (94,0) width 4: " "
      text run at (97,0) width 17: "elit"
layer at (184,114) size 114x13
  RenderBlock {DIV} at (0,0) size 114x13
layer at (331,114) size 140x13 scrollX 148 scrollWidth 288
  RenderBlock {DIV} at (7,4) size 140x13
    RenderText {#text} at (-148,0) size 288x13
      text run at (-147,0) width 32: "Lorem"
      text run at (-115,0) width 3: " "
      text run at (-112,0) width 32: "ipsum"
      text run at (-80,0) width 3: " "
      text run at (-77,0) width 27: "dolor"
      text run at (-50,0) width 3: " "
      text run at (-47,0) width 13: "sit"
      text run at (-34,0) width 3: " "
      text run at (-31,0) width 30: "amet,"
      text run at (-1,0) width 3: " "
      text run at (1,0) width 64: "consectetur"
      text run at (64,0) width 4: " "
      text run at (67,0) width 54: "adipiscing"
      text run at (120,0) width 4: " "
      text run at (123,0) width 17: "elit"
layer at (500,114) size 114x13 scrollX 174 scrollWidth 288
  RenderBlock {DIV} at (0,0) size 114x13
    RenderText {#text} at (-174,0) size 288x13
      text run at (-173,0) width 32: "Lorem"
      text run at (-141,0) width 3: " "
      text run at (-138,0) width 32: "ipsum"
      text run at (-106,0) width 3: " "
      text run at (-103,0) width 27: "dolor"
      text run at (-76,0) width 3: " "
      text run at (-73,0) width 13: "sit"
      text run at (-60,0) width 3: " "
      text run at (-57,0) width 30: "amet,"
      text run at (-27,0) width 3: " "
      text run at (-24,0) width 63: "consectetur"
      text run at (38,0) width 4: " "
      text run at (41,0) width 54: "adipiscing"
      text run at (94,0) width 4: " "
      text run at (97,0) width 17: "elit"
layer at (15,135) size 140x13 scrollX 245 scrollWidth 385
  RenderBlock {DIV} at (0,0) size 140x13
    RenderText {#text} at (-245,0) size 385x13
      text run at (-244,0) width 384: "\x{F79A}\x{F79A}\x{F79A}\x{F79A}\x{F79A}\x{F79A}\x{F79A}\x{F79A}\x{F79A}\x{F79A}\x{F79A}\x{F79A}\x{F79A}\x{F79A}\x{F79A}\x{F79A}\x{F79A}\x{F79A}\x{F79A}\x{F79A}\x{F79A}\x{F79A}\x{F79A}\x{F79A}\x{F79A}\x{F79A}\x{F79A}\x{F79A}\x{F79A}\x{F79A}\x{F79A}\x{F79A}\x{F79A}\x{F79A}\x{F79A}\x{F79A}\x{F79A}\x{F79A}\x{F79A}\x{F79A}\x{F79A}\x{F79A}\x{F79A}\x{F79A}\x{F79A}\x{F79A}\x{F79A}\x{F79A}\x{F79A}\x{F79A}\x{F79A}\x{F79A}\x{F79A}\x{F79A}\x{F79A}"
layer at (15,190) size 142x13 scrollWidth 288
  RenderBlock {DIV} at (7,4) size 142x13 [color=#A9A9A9]
    RenderText {#text} at (0,0) size 288x13
      text run at (0,0) width 288: "Lorem ipsum dolor sit amet, consectetur adipiscing elit"
layer at (15,190) size 142x13
  RenderBlock {DIV} at (7,4) size 142x13
layer at (190,190) size 116x13 scrollWidth 288
  RenderBlock {DIV} at (21,4) size 117x13 [color=#A9A9A9]
    RenderText {#text} at (0,0) size 288x13
      text run at (0,0) width 288: "Lorem ipsum dolor sit amet, consectetur adipiscing elit"
layer at (190,190) size 116x13
  RenderBlock {DIV} at (0,0) size 116x13
layer at (335,190) size 142x13 scrollWidth 290
  RenderBlock {DIV} at (7,4) size 142x13
    RenderText {#text} at (0,0) size 288x13
      text run at (0,0) width 288: "Lorem ipsum dolor sit amet, consectetur adipiscing elit"
layer at (510,190) size 116x13 scrollWidth 290
  RenderBlock {DIV} at (0,0) size 116x13
    RenderText {#text} at (0,0) size 288x13
      text run at (0,0) width 288: "Lorem ipsum dolor sit amet, consectetur adipiscing elit"
layer at (15,211) size 142x13 scrollWidth 387
  RenderBlock {DIV} at (0,0) size 142x13
    RenderText {#text} at (0,0) size 385x13
      text run at (0,0) width 385: "\x{F79A}\x{F79A}\x{F79A}\x{F79A}\x{F79A}\x{F79A}\x{F79A}\x{F79A}\x{F79A}\x{F79A}\x{F79A}\x{F79A}\x{F79A}\x{F79A}\x{F79A}\x{F79A}\x{F79A}\x{F79A}\x{F79A}\x{F79A}\x{F79A}\x{F79A}\x{F79A}\x{F79A}\x{F79A}\x{F79A}\x{F79A}\x{F79A}\x{F79A}\x{F79A}\x{F79A}\x{F79A}\x{F79A}\x{F79A}\x{F79A}\x{F79A}\x{F79A}\x{F79A}\x{F79A}\x{F79A}\x{F79A}\x{F79A}\x{F79A}\x{F79A}\x{F79A}\x{F79A}\x{F79A}\x{F79A}\x{F79A}\x{F79A}\x{F79A}\x{F79A}\x{F79A}\x{F79A}\x{F79A}"
layer at (15,232) size 140x13 scrollX 148 scrollWidth 288
  RenderBlock {DIV} at (7,4) size 140x13 [color=#A9A9A9]
    RenderText {#text} at (-148,0) size 288x13
      text run at (-147,0) width 32: "Lorem"
      text run at (-115,0) width 3: " "
      text run at (-112,0) width 32: "ipsum"
      text run at (-80,0) width 3: " "
      text run at (-77,0) width 27: "dolor"
      text run at (-50,0) width 3: " "
      text run at (-47,0) width 13: "sit"
      text run at (-34,0) width 3: " "
      text run at (-31,0) width 30: "amet,"
      text run at (-1,0) width 3: " "
      text run at (1,0) width 64: "consectetur"
      text run at (64,0) width 4: " "
      text run at (67,0) width 54: "adipiscing"
      text run at (120,0) width 4: " "
      text run at (123,0) width 17: "elit"
layer at (15,232) size 140x13
  RenderBlock {DIV} at (7,4) size 140x13
layer at (184,232) size 114x13 scrollX 174 scrollWidth 288
  RenderBlock {DIV} at (18,4) size 114x13 [color=#A9A9A9]
    RenderText {#text} at (-174,0) size 288x13
      text run at (-173,0) width 32: "Lorem"
      text run at (-141,0) width 3: " "
      text run at (-138,0) width 32: "ipsum"
      text run at (-106,0) width 3: " "
      text run at (-103,0) width 27: "dolor"
      text run at (-76,0) width 3: " "
      text run at (-73,0) width 13: "sit"
      text run at (-60,0) width 3: " "
      text run at (-57,0) width 30: "amet,"
      text run at (-27,0) width 3: " "
      text run at (-24,0) width 63: "consectetur"
      text run at (38,0) width 4: " "
      text run at (41,0) width 54: "adipiscing"
      text run at (94,0) width 4: " "
      text run at (97,0) width 17: "elit"
layer at (184,232) size 114x13
  RenderBlock {DIV} at (0,0) size 114x13
layer at (331,232) size 140x13 scrollX 148 scrollWidth 288
  RenderBlock {DIV} at (7,4) size 140x13
    RenderText {#text} at (-148,0) size 288x13
      text run at (-147,0) width 32: "Lorem"
      text run at (-115,0) width 3: " "
      text run at (-112,0) width 32: "ipsum"
      text run at (-80,0) width 3: " "
      text run at (-77,0) width 27: "dolor"
      text run at (-50,0) width 3: " "
      text run at (-47,0) width 13: "sit"
      text run at (-34,0) width 3: " "
      text run at (-31,0) width 30: "amet,"
      text run at (-1,0) width 3: " "
      text run at (1,0) width 64: "consectetur"
      text run at (64,0) width 4: " "
      text run at (67,0) width 54: "adipiscing"
      text run at (120,0) width 4: " "
      text run at (123,0) width 17: "elit"
layer at (500,232) size 114x13 scrollX 174 scrollWidth 288
  RenderBlock {DIV} at (0,0) size 114x13
    RenderText {#text} at (-174,0) size 288x13
      text run at (-173,0) width 32: "Lorem"
      text run at (-141,0) width 3: " "
      text run at (-138,0) width 32: "ipsum"
      text run at (-106,0) width 3: " "
      text run at (-103,0) width 27: "dolor"
      text run at (-76,0) width 3: " "
      text run at (-73,0) width 13: "sit"
      text run at (-60,0) width 3: " "
      text run at (-57,0) width 30: "amet,"
      text run at (-27,0) width 3: " "
      text run at (-24,0) width 63: "consectetur"
      text run at (38,0) width 4: " "
      text run at (41,0) width 54: "adipiscing"
      text run at (94,0) width 4: " "
      text run at (97,0) width 17: "elit"
layer at (15,253) size 140x13 scrollX 245 scrollWidth 385
  RenderBlock {DIV} at (0,0) size 140x13
    RenderText {#text} at (-245,0) size 385x13
      text run at (-244,0) width 384: "\x{F79A}\x{F79A}\x{F79A}\x{F79A}\x{F79A}\x{F79A}\x{F79A}\x{F79A}\x{F79A}\x{F79A}\x{F79A}\x{F79A}\x{F79A}\x{F79A}\x{F79A}\x{F79A}\x{F79A}\x{F79A}\x{F79A}\x{F79A}\x{F79A}\x{F79A}\x{F79A}\x{F79A}\x{F79A}\x{F79A}\x{F79A}\x{F79A}\x{F79A}\x{F79A}\x{F79A}\x{F79A}\x{F79A}\x{F79A}\x{F79A}\x{F79A}\x{F79A}\x{F79A}\x{F79A}\x{F79A}\x{F79A}\x{F79A}\x{F79A}\x{F79A}\x{F79A}\x{F79A}\x{F79A}\x{F79A}\x{F79A}\x{F79A}\x{F79A}\x{F79A}\x{F79A}\x{F79A}\x{F79A}"
layer at (261,308) size 142x13 scrollWidth 288
  RenderBlock {DIV} at (7,4) size 142x13 [color=#A9A9A9]
    RenderText {#text} at (0,0) size 288x13
      text run at (0,0) width 288: "Lorem ipsum dolor sit amet, consectetur adipiscing elit"
layer at (261,308) size 142x13
  RenderBlock {DIV} at (7,4) size 142x13
layer at (421,308) size 142x13 scrollWidth 290
  RenderBlock {DIV} at (7,4) size 142x13
    RenderText {#text} at (0,0) size 288x13
      text run at (0,0) width 288: "Lorem ipsum dolor sit amet, consectetur adipiscing elit"
layer at (285,329) size 142x13 scrollWidth 288
  RenderBlock {DIV} at (7,4) size 142x13 [color=#A9A9A9]
    RenderText {#text} at (0,0) size 288x13
      text run at (0,0) width 288: "Lorem ipsum dolor sit amet, consectetur adipiscing elit"
layer at (285,329) size 142x13
  RenderBlock {DIV} at (7,4) size 142x13
layer at (445,329) size 142x13 scrollWidth 290
  RenderBlock {DIV} at (7,4) size 142x13
    RenderText {#text} at (0,0) size 288x13
      text run at (0,0) width 288: "Lorem ipsum dolor sit amet, consectetur adipiscing elit"
