layer at (0,0) size 800x600
  RenderView at (0,0) size 800x600
layer at (0,0) size 800x600
  RenderBlock {HTML} at (0,0) size 800x600
    RenderBody {BODY} at (8,8) size 784x584
      RenderBlock {DIV} at (0,0) size 784x94 [border: (5px solid #FF0000)]
        RenderMenuList {SELECT} at (37,37) size 55x20 [bgcolor=#FFFFFF] [border: (1px solid #000000)]
          RenderBlock (anonymous) at (1,1) size 53x18
            RenderText at (8,2) size 22x13
              text run at (8,2) width 22: "One"
        RenderText {#text} at (92,37) size 27x18
          text run at (92,37) width 27: "blaa"
caret: position 0 of child 0 {SELECT} of child 0 {DIV} of body
