layer at (0,0) size 800x600
  RenderView at (0,0) size 800x600
layer at (0,0) size 800x600
  RenderBlock {HTML} at (0,0) size 800x600
    RenderBody {BODY} at (8,8) size 784x576
      RenderBlock (anonymous) at (0,0) size 784x18
        RenderText {#text} at (0,0) size 266x18
          text run at (0,0) width 266: "The select should not contain blank items"
        RenderBR {BR} at (265,0) size 1x18
      RenderBlock {FORM} at (0,18) size 784x21
        RenderInline {B} at (0,1) size 47x18
          RenderText {#text} at (0,1) size 47x18
            text run at (0,1) width 47: "Search"
        RenderText {#text} at (46,1) size 5x18
          text run at (46,1) width 5: " "
        RenderTextControl {INPUT} at (50,0) size 143x21 [bgcolor=#FFFFFF] [border: (2px inset #808080)]
        RenderText {#text} at (192,1) size 5x18
          text run at (192,1) width 5: " "
        RenderMenuList {SELECT} at (196,1) size 79x20 [color=#000000D8] [bgcolor=#FFFFFF] [border: (1px solid #000000D8)]
          RenderBlock (anonymous) at (1,1) size 76x18
            RenderText at (8,2) size 32x13
              text run at (8,2) width 32: "Excite"
        RenderText {#text} at (0,0) size 0x0
      RenderBlock (anonymous) at (0,55) size 784x36
        RenderBR {BR} at (0,0) size 0x18
        RenderText {#text} at (0,18) size 266x18
          text run at (0,18) width 266: "The select should not contain blank items"
        RenderBR {BR} at (265,18) size 1x18
      RenderBlock {FORM} at (0,91) size 784x20
        RenderMenuList {SELECT} at (0,0) size 223x20 [color=#000000D8] [bgcolor=#FFFFFF] [border: (1px solid #000000D8)]
          RenderBlock (anonymous) at (1,1) size 221x18
            RenderText at (8,2) size 55x13
              text run at (8,2) width 55: "Quick Link"
layer at (66,30) size 128x13
  RenderBlock {DIV} at (7,4) size 128x13
