layer at (0,0) size 800x600
  RenderView at (0,0) size 800x600
layer at (0,0) size 800x600
  RenderBlock {HTML} at (0,0) size 800x600
    RenderBody {BODY} at (8,8) size 784x576 [bgcolor=#FFFFFF]
      RenderBlock {P} at (0,0) size 784x36
        RenderText {#text} at (0,0) size 775x36
          text run at (0,0) width 441: "Click on a link on the left hand column. Also note the overlap of the "
          text run at (440,0) width 335: "text box with the submit button. (And, removing the"
          text run at (0,18) width 156: "font tag that is wrapped "
          text run at (155,18) width 239: "around the text box clears up layout)."
      RenderBlock (anonymous) at (0,52) size 784x18
        RenderBR {BR} at (0,0) size 0x18
      RenderBlock {FORM} at (0,70) size 784x136
        RenderBlock {CENTER} at (0,0) size 784x136
          RenderTable {TABLE} at (92,0) size 600x136 [bgcolor=#EEEEEE] [border: (1px outset #000000)]
            RenderTableSection {TBODY} at (1,1) size 598x134
              RenderTableRow {TR} at (0,3) size 598x128
                RenderTableCell {TD} at (3,3) size 123x128 [border: (1px inset #000000)] [r=0 c=0 rs=1 cs=1]
                  RenderTable {TABLE} at (4,4) size 115x120 [bgcolor=#FFFFFF] [border: (1px outset #000000)]
                    RenderTableSection {TBODY} at (1,1) size 113x118
                      RenderTableRow {TR} at (0,2) size 113x28
                        RenderTableCell {TD} at (2,3) size 109x25 [bgcolor=#CCCCCC] [border: (1px inset #000000)] [r=0 c=0 rs=1 cs=1]
                          RenderInline {A} at (3,4) size 62x19 [color=#660099]
                            RenderInline {B} at (3,4) size 62x19
                              RenderText {#text} at (3,4) size 62x19
                                text run at (3,3) width 62: "Netscape"
                          RenderText {#text} at (0,0) size 0x0
                      RenderTableRow {TR} at (0,31) size 113x28
                        RenderTableCell {TD} at (2,33) size 109x25 [bgcolor=#FFFFFF] [border: (1px inset #000000)] [r=1 c=0 rs=1 cs=1]
                          RenderInline {A} at (3,4) size 58x19 [color=#660099]
                            RenderInline {B} at (3,4) size 58x19
                              RenderText {#text} at (3,4) size 58x19
                                text run at (3,3) width 58: "Infoseek"
                          RenderText {#text} at (0,0) size 0x0
                      RenderTableRow {TR} at (0,61) size 113x28
                        RenderTableCell {TD} at (2,62) size 109x25 [bgcolor=#FFFFFF] [border: (1px inset #000000)] [r=2 c=0 rs=1 cs=1]
                          RenderInline {A} at (3,4) size 79x19 [color=#660099]
                            RenderInline {B} at (3,4) size 79x19
                              RenderText {#text} at (3,4) size 79x19
                                text run at (3,3) width 79: "LookSmart"
                          RenderText {#text} at (0,0) size 0x0
                      RenderTableRow {TR} at (0,90) size 113x26
                        RenderTableCell {TD} at (2,91) size 109x25 [bgcolor=#FFFFFF] [border: (1px inset #000000)] [r=3 c=0 rs=1 cs=1]
                          RenderInline {A} at (3,3) size 66x19 [color=#660099]
                            RenderInline {B} at (3,3) size 66x19
                              RenderText {#text} at (3,3) size 66x19
                                text run at (3,3) width 66: "Directory"
                          RenderText {#text} at (0,0) size 0x0
                RenderTableCell {TD} at (128,26) size 468x82 [bgcolor=#CCCCCC] [border: (1px inset #000000)] [r=0 c=1 rs=1 cs=1]
                  RenderTable {TABLE} at (4,27) size 459x74 [border: (1px outset #000000)]
                    RenderTableSection {TBODY} at (1,1) size 457x71
                      RenderTableRow {TR} at (0,4) size 457x31
                        RenderTableCell {TD} at (4,4) size 351x31 [border: (1px inset #000000)] [r=0 c=0 rs=1 cs=3]
                          RenderInline {FONT} at (5,8) size 303x15
                            RenderText {#text} at (0,0) size 0x0
                            RenderTextControl {INPUT} at (5,5) size 303x21 [bgcolor=#FFFFFF] [border: (2px inset #808080)]
                            RenderText {#text} at (0,0) size 0x0
                          RenderText {#text} at (0,0) size 0x0
                        RenderTableCell {TD} at (358,4) size 95x28 [border: (1px inset #000000)] [r=0 c=3 rs=1 cs=1]
                          RenderButton {INPUT} at (5,5) size 53x18 [color=#000000D8] [bgcolor=#C0C0C0] [border: (2px outset #C0C0C0)]
                            RenderBlock (anonymous) at (8,2) size 37x13
                              RenderText at (0,0) size 37x13
                                text run at (0,0) width 37: "Search"
                          RenderText {#text} at (0,0) size 0x0
                      RenderTableRow {TR} at (0,39) size 457x28
                        RenderTableCell {TD} at (4,39) size 115x28 [border: (1px inset #000000)] [r=1 c=0 rs=1 cs=1]
                          RenderText {#text} at (5,5) size 27x18
                            text run at (5,5) width 27: "asdf"
                        RenderTableCell {TD} at (122,39) size 115x28 [border: (1px inset #000000)] [r=1 c=1 rs=1 cs=1]
                          RenderText {#text} at (5,5) size 27x18
                            text run at (5,5) width 27: "asdf"
                        RenderTableCell {TD} at (240,39) size 115x28 [border: (1px inset #000000)] [r=1 c=2 rs=1 cs=1]
                          RenderText {#text} at (5,5) size 27x18
                            text run at (5,5) width 27: "asdf"
                        RenderTableCell {TD} at (358,39) size 95x28 [border: (1px inset #000000)] [r=1 c=3 rs=1 cs=1]
                          RenderText {#text} at (5,5) size 27x18
                            text run at (5,5) width 27: "asdf"
layer at (251,124) size 289x13
  RenderBlock {DIV} at (7,4) size 289x13
