layer at (0,0) size 987x585
  RenderView at (0,0) size 800x585
layer at (0,0) size 800x585
  RenderBlock {HTML} at (0,0) size 800x585
    RenderBody {BODY} at (8,8) size 784x569
      RenderTable {TABLE} at (0,0) size 979x143 [border: (2px solid #0000FF)]
        RenderTableSection {TBODY} at (2,2) size 975x139
          RenderTableRow {TR} at (0,2) size 975x135
            RenderTableCell {TD} at (2,2) size 213x135 [border: (1px solid #C0C0C0)] [r=0 c=0 rs=1 cs=1]
              RenderTable {TABLE} at (2,2) size 209x131 [border: (2px solid #008000)]
                RenderTableSection {TBODY} at (2,2) size 205x127
                  RenderTableRow {TR} at (0,2) size 205x85
                    RenderTableCell {TD} at (2,2) size 201x85 [border: (1px solid #C0C0C0)] [r=0 c=0 rs=1 cs=1]
                      RenderTable {TABLE} at (2,2) size 168x33 [border: (2px solid #FF0000)]
                        RenderTableSection {TBODY} at (2,2) size 164x29
                          RenderTableRow {TR} at (0,2) size 164x25
                            RenderTableCell {TD} at (2,2) size 160x25 [border: (1px solid #C0C0C0)] [r=0 c=0 rs=1 cs=1]
                              RenderTextControl {INPUT} at (2,2) size 156x21 [bgcolor=#FFFFFF] [border: (2px inset #808080)]
                              RenderText {#text} at (0,0) size 0x0
                      RenderTable {TABLE} at (2,35) size 197x48 [border: (2px solid #FF0000)]
                        RenderTableSection {TBODY} at (2,2) size 193x44
                          RenderTableRow {TR} at (0,2) size 193x40
                            RenderTableCell {TD} at (2,2) size 189x40 [border: (1px solid #C0C0C0)] [r=0 c=0 rs=1 cs=1]
                              RenderText {#text} at (2,2) size 171x36
                                text run at (2,2) width 171: "THIS TABLE NEEDS TO"
                                text run at (2,20) width 67: "BE HERE"
                  RenderTableRow {TR} at (0,89) size 205x36
                    RenderTableCell {TD} at (2,89) size 201x36 [border: (1px solid #C0C0C0)] [r=1 c=0 rs=1 cs=1]
                      RenderTable {TABLE} at (2,2) size 197x32 [border: (2px solid #FF0000)]
                        RenderTableSection {TBODY} at (2,2) size 193x28
                          RenderTableRow {TR} at (0,2) size 193x24
                            RenderTableCell {TD} at (2,2) size 189x24 [border: (1px solid #C0C0C0)] [r=0 c=0 rs=1 cs=1]
                              RenderMenuList {SELECT} at (2,2) size 185x20 [color=#000000D8] [bgcolor=#FFFFFF] [border: (1px solid #000000D8)]
                                RenderBlock (anonymous) at (1,1) size 183x18
                                  RenderText at (8,2) size 152x13
                                    text run at (8,2) width 152: "USE THIS JAVASCRIPT HERE"
                              RenderText {#text} at (0,0) size 0x0
            RenderTableCell {TD} at (217,2) size 756x40 [border: (1px solid #C0C0C0)] [r=0 c=1 rs=1 cs=1]
              RenderText {#text} at (2,2) size 752x36
                text run at (2,2) width 752: "KEEPoTHEoTEXToHEREoASoLONGoASoPOSSIBLEooKEEPoTHEoTEXToHEREoASoLONGoASoPOSSIBLE"
                text run at (2,20) width 602: "THIS SIMULATES THE PROBLEM ON THE WWW.MAPBLAST.COM/ \"CREATE MAP\""
layer at (33,30) size 142x13
  RenderBlock {DIV} at (7,4) size 142x13
    RenderText {#text} at (0,0) size 132x13
      text run at (0,0) width 132: "THIS NEEDS THIS VALUE"
