layer at (0,0) size 785x1725
  RenderView at (0,0) size 785x600
layer at (0,0) size 785x1725
  RenderBlock {HTML} at (0,0) size 785x1725
    RenderBody {BODY} at (8,20) size 769x1685 [bgcolor=#A6A972]
      RenderBlock {DIV} at (83,0) size 603x1685 [bgcolor=#FDFDE9] [border: (1px solid #000000)]
        RenderBlock {DIV} at (1,31) size 600x70
        RenderBlock {DIV} at (1,114) size 600x1499
          RenderBlock {P} at (20,0) size 560x80 [color=#333333]
            RenderText {#text} at (0,2) size 536x36
              text run at (0,2) width 536: "We are trying to understand how UVic students perform Shakespeare related research for"
              text run at (0,22) width 272: "classes as well as for their own interest. The "
            RenderInline {A} at (271,22) size 179x16
              RenderText {#text} at (271,22) size 179x16
                text run at (271,22) width 179: "Internet Shakespeare Editions"
            RenderText {#text} at (0,22) size 553x56
              text run at (449,22) width 61: " are being"
              text run at (0,42) width 282: "developed for students as well as Shakespeare "
              text run at (281,42) width 272: "scholars world wide to better understand the"
              text run at (0,62) width 249: "man, his plays and our interpretations of "
              text run at (248,62) width 37: "them."
          RenderBlock {P} at (20,93) size 560x21 [color=#333333]
            RenderText {#text} at (0,2) size 475x16
              text run at (0,2) width 475: "Please take the time to carefully review and complete the following questions."
          RenderBlock {FORM} at (20,138) size 560x1328
            RenderBlock {H2} at (0,0) size 560x16 [color=#333333]
              RenderText {#text} at (0,0) size 202x16
                text run at (0,0) width 202: "PERSONAL INFORMATION"
            RenderBlock (floating) {SPAN} at (0,26) size 325x20 [color=#333333]
              RenderText {#text} at (0,2) size 69x16
                text run at (0,2) width 69: "Your Name*"
            RenderTextControl {INPUT} at (325,26) size 194x21 [bgcolor=#FFFFFF] [border: (2px inset #808080)]
            RenderBlock (floating) {SPAN} at (0,47) size 325x20 [color=#333333]
              RenderText {#text} at (0,2) size 122x16
                text run at (0,2) width 122: "Your e-mail address*"
            RenderTextControl {INPUT} at (325,47) size 194x21 [bgcolor=#FFFFFF] [border: (2px inset #808080)]
            RenderBlock (floating) {SPAN} at (0,68) size 325x20 [color=#333333]
              RenderText {#text} at (0,2) size 130x16
                text run at (0,2) width 130: "Your degree program*"
            RenderMenuList {SELECT} at (325,68) size 180x20 [color=#000000D8] [bgcolor=#FFFFFF] [border: (1px solid #000000D8)]
              RenderBlock (anonymous) at (1,1) size 178x18
                RenderText at (8,2) size 87x13
                  text run at (8,2) width 87: "Program options"
            RenderBlock (floating) {SPAN} at (0,88) size 325x20 [color=#333333]
              RenderText {#text} at (0,2) size 113x16
                text run at (0,2) width 113: "Your year of study*"
            RenderMenuList {SELECT} at (325,88) size 180x20 [color=#000000D8] [bgcolor=#FFFFFF] [border: (1px solid #000000D8)]
              RenderBlock (anonymous) at (1,1) size 178x18
                RenderText at (8,2) size 122x13
                  text run at (8,2) width 122: "Years you've been here"
            RenderBlock (floating) {SPAN} at (0,108) size 325x20 [color=#333333]
              RenderText {#text} at (0,2) size 157x16
                text run at (0,2) width 157: "Shakespeare classes taken"
            RenderMenuList {SELECT} at (325,108) size 180x20 [color=#000000D8] [bgcolor=#FFFFFF] [border: (1px solid #000000D8)]
              RenderBlock (anonymous) at (1,1) size 178x18
                RenderText at (8,2) size 74x13
                  text run at (8,2) width 74: "Number taken"
            RenderBlock {P} at (0,141) size 560x21 [color=#333333]
              RenderText {#text} at (0,2) size 161x16
                text run at (0,2) width 161: "* indicates a required field"
            RenderBlock {H2} at (0,186) size 560x17 [color=#333333]
              RenderText {#text} at (0,0) size 298x16
                text run at (0,0) width 298: "SHAKESPEARE RESEARCH QUESTIONS"
            RenderBlock (floating) {SPAN} at (0,212) size 325x21 [color=#333333]
              RenderText {#text} at (0,2) size 286x36
                text run at (0,2) width 286: "What percentage of your research time is spent"
                text run at (0,22) width 42: "online?"
            RenderMenuList {SELECT} at (325,212) size 180x21 [color=#000000D8] [bgcolor=#FFFFFF] [border: (1px solid #000000D8)]
              RenderBlock (anonymous) at (1,1) size 178x18
                RenderText at (8,2) size 106x13
                  text run at (8,2) width 106: "Percentages of time"
            RenderBlock (floating) {SPAN} at (0,232) size 325x21 [color=#333333]
              RenderText {#text} at (0,2) size 308x36
                text run at (0,2) width 308: "What is holding you back from doing more research"
                text run at (0,22) width 42: "online?"
            RenderMenuList {SELECT} at (325,232) size 180x21 [color=#000000D8] [bgcolor=#FFFFFF] [border: (1px solid #000000D8)]
              RenderBlock (anonymous) at (1,1) size 178x18
                RenderText at (8,2) size 45x13
                  text run at (8,2) width 45: "Reasons"
            RenderBlock (floating) {SPAN} at (0,252) size 325x21 [color=#333333]
              RenderText {#text} at (0,2) size 226x16
                text run at (0,2) width 226: "Your research is primarily focused on:"
            RenderBlock {SPAN} at (325,252) size 180x21 [color=#333333]
              RenderBlock {INPUT} at (2,5) size 12x12 [color=#000000]
              RenderText {#text} at (16,2) size 31x16
                text run at (16,2) width 31: "Texts"
            RenderBlock {SPAN} at (325,272) size 180x21 [color=#333333]
              RenderBlock {INPUT} at (2,5) size 12x12 [color=#000000]
              RenderText {#text} at (16,2) size 136x16
                text run at (16,2) width 136: "Performance materials"
            RenderBlock {SPAN} at (325,292) size 180x21 [color=#333333]
              RenderBlock {INPUT} at (2,5) size 12x12 [color=#000000]
              RenderText {#text} at (16,2) size 22x16
                text run at (16,2) width 22: "n/a"
            RenderBlock {H2} at (0,337) size 560x17 [color=#333333]
              RenderText {#text} at (0,0) size 373x16
                text run at (0,0) width 373: "INTERNET SHAKESPEARE EDITIONS QUESTIONS"
            RenderBlock (floating) {SPAN} at (0,363) size 325x21 [color=#333333]
              RenderText {#text} at (0,2) size 312x16
                text run at (0,2) width 312: "Have you used UVic's Internet Shakespeare Editions?"
            RenderBlock {SPAN} at (325,363) size 180x21 [color=#333333]
              RenderText {#text} at (0,2) size 19x16
                text run at (0,2) width 19: "Yes"
              RenderBlock {INPUT} at (20,5) size 13x12 [color=#000000]
              RenderText {#text} at (34,2) size 21x16
                text run at (34,2) width 5: " "
                text run at (38,2) width 17: "No"
              RenderBlock {INPUT} at (56,5) size 13x12 [color=#000000]
              RenderText {#text} at (0,0) size 0x0
            RenderBlock {P} at (0,396) size 560x21 [color=#333333]
              RenderText {#text} at (0,2) size 388x16
                text run at (0,2) width 388: "-- If you answered no to this question, skip to the next section --"
            RenderBlock (floating) {SPAN} at (0,429) size 325x21 [color=#333333]
              RenderText {#text} at (0,2) size 282x16
                text run at (0,2) width 282: "Which area of the ISE did you find most useful?"
            RenderMenuList {SELECT} at (325,429) size 180x21 [color=#000000D8] [bgcolor=#FFFFFF] [border: (1px solid #000000D8)]
              RenderBlock (anonymous) at (1,1) size 178x18
                RenderText at (8,2) size 100x13
                  text run at (8,2) width 100: "Sections of the ISE"
            RenderBlock (floating) {SPAN} at (0,449) size 325x21 [color=#333333]
              RenderText {#text} at (0,2) size 257x16
                text run at (0,2) width 257: "How did you find the navigation of the ISE?"
            RenderMenuList {SELECT} at (325,449) size 180x21 [color=#000000D8] [bgcolor=#FFFFFF] [border: (1px solid #000000D8)]
              RenderBlock (anonymous) at (1,1) size 178x18
                RenderText at (8,2) size 91x13
                  text run at (8,2) width 91: "Level of difficulty"
            RenderBlock (floating) {SPAN} at (0,469) size 325x21 [color=#333333]
              RenderText {#text} at (0,2) size 214x16
                text run at (0,2) width 214: "Please describe your use of the ISE."
            RenderBlock {H2} at (0,625) size 560x17 [color=#333333]
              RenderText {#text} at (0,0) size 290x16
                text run at (0,0) width 290: "TOOLS IN DEVELOPMENT QUESTIONS"
            RenderBlock {P} at (0,655) size 560x61 [color=#333333]
              RenderText {#text} at (0,2) size 555x56
                text run at (0,2) width 463: "We are in the process of both making new material available and developing "
                text run at (462,2) width 75: "new tools to"
                text run at (0,22) width 393: "view and extrapolate information from Shakespeare's works. The "
                text run at (392,22) width 163: "following images are visual"
                text run at (0,42) width 353: "representations of some of the ideas being thrown around."
            RenderBlock {P} at (0,728) size 560x21 [color=#333333]
              RenderText {#text} at (0,2) size 347x16
                text run at (0,2) width 347: "Please review them carefully and provide feedback below"
            RenderBlock (floating) {SPAN} at (0,761) size 325x21 [color=#333333]
              RenderText {#text} at (0,2) size 147x16
                text run at (0,2) width 147: "Your comments on Fig. 1"
            RenderBlock (floating) {SPAN} at (0,892) size 325x21 [color=#333333]
              RenderText {#text} at (0,2) size 147x16
                text run at (0,2) width 147: "Your comments on Fig. 2"
            RenderBlock (floating) {SPAN} at (0,1023) size 325x21 [color=#333333]
              RenderText {#text} at (0,2) size 147x16
                text run at (0,2) width 147: "Your comments on Fig. 3"
            RenderBlock {H2} at (0,1174) size 560x17 [color=#333333]
              RenderText {#text} at (0,0) size 143x16
                text run at (0,0) width 143: "OTHER FEEDBACK"
            RenderBlock (floating) {SPAN} at (0,1200) size 325x21 [color=#333333]
              RenderText {#text} at (0,2) size 228x16
                text run at (0,2) width 228: "Please enter any other thoughts here."
          RenderBlock {P} at (20,1478) size 560x21 [color=#333333]
            RenderText {#text} at (0,2) size 237x16
              text run at (0,2) width 237: "Thank you for your time filling this out."
        RenderBlock {DIV} at (1,1632) size 600x52 [border: (1px dashed #A6A972) none]
          RenderBlock {SPAN} at (0,16) size 600x20 [color=#333333]
            RenderText {#text} at (245,2) size 110x16
              text run at (245,2) width 110: "\x{A9}2003 Kevin Davis"
layer at (445,303) size 180x13
  RenderBlock {DIV} at (7,4) size 180x13
layer at (445,324) size 180x13
  RenderBlock {DIV} at (7,4) size 180x13
layer at (113,768) size 512x106 clip at (114,769) size 510x104
  RenderTextControl {TEXTAREA} at (0,494) size 512x107 [bgcolor=#FFFFFF] [border: (1px solid #000000)]
    RenderBlock {DIV} at (6,3) size 500x13
layer at (113,1055) size 512x106 clip at (114,1056) size 510x104
  RenderTextControl {TEXTAREA} at (0,781) size 512x107 [bgcolor=#FFFFFF] [border: (1px solid #000000)]
    RenderBlock {DIV} at (6,3) size 500x13
layer at (113,1186) size 512x106 clip at (114,1187) size 510x104
  RenderTextControl {TEXTAREA} at (0,912) size 512x107 [bgcolor=#FFFFFF] [border: (1px solid #000000)]
    RenderBlock {DIV} at (6,3) size 500x13
layer at (113,1317) size 512x106 clip at (114,1318) size 510x104
  RenderTextControl {TEXTAREA} at (0,1043) size 512x107 [bgcolor=#FFFFFF] [border: (1px solid #000000)]
    RenderBlock {DIV} at (6,3) size 500x13
layer at (113,1494) size 512x106 clip at (114,1495) size 510x104
  RenderTextControl {TEXTAREA} at (0,1220) size 512x107 [bgcolor=#FFFFFF] [border: (1px solid #000000)]
    RenderBlock {DIV} at (6,3) size 500x13
