layer at (0,0) size 800x600
  RenderView at (0,0) size 800x600
layer at (0,0) size 800x68
  RenderBlock {HTML} at (0,0) size 800x68
    RenderBody {BODY} at (8,8) size 784x52
      RenderBlock {DIV} at (0,0) size 200x52
        RenderBlock {SPAN} at (0,21) size 0x0
        RenderText {#text} at (0,8) size 512x44
          text run at (0,8) width 200: "\x{3042}"
          text run at (0,36) width 512: "aaaaaaaaaaaaaaaaaaaaaaaaaaaaaaaa"
