layer at (0,0) size 800x600
  RenderView at (0,0) size 800x600
layer at (0,0) size 800x600
  RenderBlock {HTML} at (0,0) size 800x600
    RenderBody {BODY} at (8,8) size 784x584
      RenderText {#text} at (114,6) size 5x18
        text run at (114,6) width 5: " "
      RenderText {#text} at (0,0) size 0x0
layer at (8,8) size 114x31 clip at (10,10) size 110x27
  RenderFlexibleBox {INPUT} at (0,0) size 115x31 [bgcolor=#FFFFFF] [border: (2px inset #808080)]
layer at (15,12) size 100x23 clip at (16,13) size 98x21
  RenderBlock {DIV} at (7,4) size 101x23 [border: (1px solid #FF0000)]
    RenderBlock {DIV} at (2,2) size 97x19
      RenderBlock {DIV} at (0,0) size 21x19 [color=#FF0000]
        RenderText {#text} at (1,1) size 19x17
          text run at (1,1) width 19: "04"
      RenderInline {DIV} at (20,1) size 10x17 [color=#FFFF00]
        RenderText {#text} at (20,1) size 10x17
          text run at (20,1) width 10: "/"
      RenderBlock {DIV} at (29,0) size 21x19 [color=#008000]
        RenderText {#text} at (1,1) size 19x17
          text run at (1,1) width 19: "01"
      RenderInline {DIV} at (49,1) size 10x17 [color=#FFFF00]
        RenderText {#text} at (49,1) size 10x17
          text run at (49,1) width 10: "/"
      RenderBlock {DIV} at (58,0) size 39x19 [color=#0000FF]
        RenderText {#text} at (1,1) size 37x17
          text run at (1,1) width 37: "1976"
layer at (126,8) size 114x31 clip at (128,10) size 110x27
  RenderFlexibleBox {INPUT} at (118,0) size 115x31 [bgcolor=#FFFFFF] [border: (2px inset #808080)]
layer at (133,12) size 100x23 clip at (134,13) size 98x21
  RenderBlock {DIV} at (7,4) size 101x23 [border: (1px solid #FF0000)]
    RenderBlock {DIV} at (2,2) size 97x19
      RenderBlock {DIV} at (76,0) size 21x19 [color=#FF0000]
        RenderText {#text} at (1,1) size 19x17
          text run at (1,1) width 19: "04"
      RenderInline {DIV} at (67,1) size 10x17 [color=#FFFF00]
        RenderText {#text} at (67,1) size 10x17
          text run at (67,1) width 10 RTL: "/"
      RenderBlock {DIV} at (47,0) size 21x19 [color=#008000]
        RenderText {#text} at (1,1) size 19x17
          text run at (1,1) width 19: "01"
      RenderInline {DIV} at (38,1) size 10x17 [color=#FFFF00]
        RenderText {#text} at (38,1) size 10x17
          text run at (38,1) width 10 RTL: "/"
      RenderBlock {DIV} at (0,0) size 39x19 [color=#0000FF]
        RenderText {#text} at (1,1) size 37x17
          text run at (1,1) width 37: "1976"
