layer at (0,0) size 800x600
  RenderView at (0,0) size 800x600
layer at (0,0) size 800x600
  RenderBlock {HTML} at (0,0) size 800x600
    RenderBody {BODY} at (8,8) size 784x584
      RenderText {#text} at (84,3) size 5x18
        text run at (84,3) width 5: " "
      RenderText {#text} at (0,0) size 0x0
layer at (8,8) size 85x25 clip at (10,10) size 81x21
  RenderFlexibleBox {INPUT} at (0,0) size 85x25 [bgcolor=#FFFFFF] [border: (2px inset #808080)]
layer at (15,12) size 71x17
  RenderBlock {DIV} at (7,4) size 71x17
    RenderBlock {DIV} at (1,1) size 69x15
      RenderBlock {DIV} at (0,0) size 16x15
        RenderText {#text} at (1,1) size 14x13
          text run at (1,1) width 14: "04"
      RenderInline {DIV} at (16,1) size 4x13
        RenderText {#text} at (16,1) size 4x13
          text run at (16,1) width 4: "/"
      RenderBlock {DIV} at (19,0) size 17x15
        RenderText {#text} at (1,1) size 14x13
          text run at (1,1) width 14: "01"
      RenderInline {DIV} at (35,1) size 4x13
        RenderText {#text} at (35,1) size 4x13
          text run at (35,1) width 4: "/"
      RenderBlock {DIV} at (38,0) size 31x15
        RenderText {#text} at (1,1) size 28x13
          text run at (1,1) width 28: "1976"
layer at (97,8) size 85x25 clip at (99,10) size 81x21
  RenderFlexibleBox {INPUT} at (88,0) size 86x25 [bgcolor=#FFFFFF] [border: (2px inset #808080)]
layer at (104,12) size 71x17
  RenderBlock {DIV} at (7,4) size 71x17
    RenderBlock {DIV} at (1,1) size 69x15
      RenderBlock {DIV} at (52,0) size 17x15
        RenderText {#text} at (1,1) size 14x13
          text run at (1,1) width 14: "04"
      RenderInline {DIV} at (49,1) size 4x13
        RenderText {#text} at (49,1) size 4x13
          text run at (49,1) width 4 RTL: "/"
      RenderBlock {DIV} at (33,0) size 17x15
        RenderText {#text} at (1,1) size 14x13
          text run at (1,1) width 14: "01"
      RenderInline {DIV} at (29,1) size 5x13
        RenderText {#text} at (29,1) size 5x13
          text run at (29,1) width 5 RTL: "/"
      RenderBlock {DIV} at (0,0) size 30x15
        RenderText {#text} at (1,1) size 28x13
          text run at (1,1) width 28: "1976"
