ALERT: 0.1724137931034483
layer at (0,0) size 800x600
  RenderView at (0,0) size 800x600
layer at (0,0) size 800x600
  RenderBlock {HTML} at (0,0) size 800x600
    RenderBody {BODY} at (8,8) size 784x576
      RenderBlock {P} at (0,0) size 784x18
        RenderText {#text} at (0,0) size 221x18
          text run at (0,0) width 221: "This tests for a drag select crasher."
      RenderBlock {DIV} at (0,34) size 784x21
        RenderInline {SPAN} at (0,1) size 66x18
          RenderText {#text} at (0,1) size 66x18
            text run at (0,1) width 66: "Start here."
        RenderText {#text} at (65,1) size 5x18
          text run at (65,1) width 5: " "
        RenderTextControl {INPUT} at (69,0) size 157x21 [bgcolor=#FFFFFF] [border: (2px inset #808080)]
      RenderBlock {UL} at (0,71) size 784x0
layer at (85,46) size 142x13
  RenderBlock {DIV} at (7,4) size 142x13
selection start: position 4 of child 0 {#text} of child 0 {SPAN} of child 2 {DIV} of body
selection end:   position 1 of child 1 {#text} of child 2 {DIV} of body
