layer at (0,0) size 785x627
  RenderView at (0,0) size 785x600
layer at (0,0) size 785x627
  RenderBlock {HTML} at (0,0) size 785x627
    RenderBody {BODY} at (8,8) size 769x611
      RenderBlock {H1} at (0,0) size 769x37
        RenderText {#text} at (0,0) size 420x37
          text run at (0,0) width 420: "Form Element Geometry Tests"
      RenderBlock {P} at (0,58) size 769x19
        RenderText {#text} at (0,0) size 551x18
          text run at (0,0) width 551: "These tests help us tune the widget classes in KWQ to have all the right fudge factors."
      RenderBlock {H2} at (0,96) size 769x29
        RenderText {#text} at (0,0) size 167x28
          text run at (0,0) width 167: "Bounding Boxes"
      RenderTable {TABLE} at (0,144) size 171x31
        RenderTableSection {TBODY} at (0,0) size 171x30
          RenderTableRow {TR} at (0,2) size 171x26
            RenderTableCell {TD} at (2,3) size 57x24 [r=0 c=0 rs=1 cs=1]
              RenderBlock {DIV} at (1,2) size 55x22 [border: (2px solid #0000FF)]
                RenderInline {FONT} at (2,-7) size 51x28
                  RenderButton {INPUT} at (2,2) size 51x18 [color=#000000D8] [bgcolor=#C0C0C0] [border: (2px outset #C0C0C0)]
                    RenderBlock (anonymous) at (8,2) size 35x13
                      RenderText at (0,0) size 35x13
                        text run at (0,0) width 35: "button"
            RenderTableCell {TD} at (60,2) size 69x26 [r=0 c=1 rs=1 cs=1]
              RenderBlock {DIV} at (1,1) size 66x24 [border: (2px solid #0000FF)]
                RenderInline {FONT} at (2,-6) size 62x28
                  RenderMenuList {SELECT} at (2,2) size 62x20 [color=#000000D8] [bgcolor=#FFFFFF] [border: (1px solid #000000D8)]
                    RenderBlock (anonymous) at (1,1) size 60x18
                      RenderText at (8,2) size 29x13
                        text run at (8,2) width 29: "menu"
            RenderTableCell {TD} at (130,6) size 19x18 [r=0 c=2 rs=1 cs=1]
              RenderBlock {DIV} at (1,5) size 16x16 [border: (2px solid #0000FF)]
                RenderInline {FONT} at (2,-10) size 12x28
                  RenderBlock {INPUT} at (2,2) size 12x12
            RenderTableCell {TD} at (150,6) size 19x18 [r=0 c=3 rs=1 cs=1]
              RenderBlock {DIV} at (1,5) size 16x16 [border: (2px solid #0000FF)]
                RenderInline {FONT} at (2,-10) size 12x28
                  RenderBlock {INPUT} at (2,2) size 12x12
      RenderTable {TABLE} at (0,174) size 171x31
        RenderTableSection {TBODY} at (0,0) size 171x30
          RenderTableRow {TR} at (0,2) size 171x26
            RenderTableCell {TD} at (2,3) size 57x24 [r=0 c=0 rs=1 cs=1]
              RenderBlock {DIV} at (1,2) size 55x22 [border: (2px solid #0000FF)]
                RenderButton {INPUT} at (2,2) size 51x18 [color=#000000D8] [bgcolor=#C0C0C0] [border: (2px outset #C0C0C0)]
                  RenderBlock (anonymous) at (8,2) size 35x13
                    RenderText at (0,0) size 35x13
                      text run at (0,0) width 35: "button"
            RenderTableCell {TD} at (60,2) size 69x26 [r=0 c=1 rs=1 cs=1]
              RenderBlock {DIV} at (1,1) size 66x24 [border: (2px solid #0000FF)]
                RenderMenuList {SELECT} at (2,2) size 62x20 [color=#000000D8] [bgcolor=#FFFFFF] [border: (1px solid #000000D8)]
                  RenderBlock (anonymous) at (1,1) size 60x18
                    RenderText at (8,2) size 29x13
                      text run at (8,2) width 29: "menu"
            RenderTableCell {TD} at (130,6) size 19x18 [r=0 c=2 rs=1 cs=1]
              RenderBlock {DIV} at (1,5) size 16x16 [border: (2px solid #0000FF)]
                RenderBlock {INPUT} at (2,2) size 12x12
            RenderTableCell {TD} at (150,6) size 19x18 [r=0 c=3 rs=1 cs=1]
              RenderBlock {DIV} at (1,5) size 16x16 [border: (2px solid #0000FF)]
                RenderBlock {INPUT} at (2,2) size 12x12
      RenderTable {TABLE} at (0,204) size 171x31
        RenderTableSection {TBODY} at (0,0) size 171x30
          RenderTableRow {TR} at (0,2) size 171x26
            RenderTableCell {TD} at (2,3) size 57x24 [r=0 c=0 rs=1 cs=1]
              RenderBlock {DIV} at (1,2) size 55x22 [border: (2px solid #0000FF)]
                RenderInline {FONT} at (2,5) size 51x13
                  RenderButton {INPUT} at (2,2) size 51x18 [color=#000000D8] [bgcolor=#C0C0C0] [border: (2px outset #C0C0C0)]
                    RenderBlock (anonymous) at (8,2) size 35x13
                      RenderText at (0,0) size 35x13
                        text run at (0,0) width 35: "button"
            RenderTableCell {TD} at (60,2) size 69x26 [r=0 c=1 rs=1 cs=1]
              RenderBlock {DIV} at (1,1) size 66x24 [border: (2px solid #0000FF)]
                RenderInline {FONT} at (2,6) size 62x13
                  RenderMenuList {SELECT} at (2,2) size 62x20 [color=#000000D8] [bgcolor=#FFFFFF] [border: (1px solid #000000D8)]
                    RenderBlock (anonymous) at (1,1) size 60x18
                      RenderText at (8,2) size 29x13
                        text run at (8,2) width 29: "menu"
            RenderTableCell {TD} at (130,6) size 19x18 [r=0 c=2 rs=1 cs=1]
              RenderBlock {DIV} at (1,5) size 16x16 [border: (2px solid #0000FF)]
                RenderInline {FONT} at (2,2) size 12x13
                  RenderBlock {INPUT} at (2,2) size 12x12
            RenderTableCell {TD} at (150,6) size 19x18 [r=0 c=3 rs=1 cs=1]
              RenderBlock {DIV} at (1,5) size 16x16 [border: (2px solid #0000FF)]
                RenderInline {FONT} at (2,2) size 12x13
                  RenderBlock {INPUT} at (2,2) size 12x12
      RenderTable {TABLE} at (0,234) size 558x68
        RenderTableSection {TBODY} at (0,0) size 558x67
          RenderTableRow {TR} at (0,2) size 558x63
            RenderTableCell {TD} at (2,2) size 92x27 [r=0 c=0 rs=1 cs=1]
              RenderBlock {DIV} at (1,1) size 90x25 [border: (2px solid #0000FF)]
                RenderTextControl {INPUT} at (2,2) size 86x21 [bgcolor=#FFFFFF] [border: (2px inset #808080)]
            RenderTableCell {TD} at (95,2) size 40x63 [r=0 c=1 rs=1 cs=1]
              RenderBlock {DIV} at (1,1) size 37x61 [border: (2px solid #0000FF)]
                RenderListBox {SELECT} at (2,2) size 33x57 [bgcolor=#FFFFFF] [border: (1px inset #808080)]
            RenderTableCell {TD} at (136,2) size 245x24 [r=0 c=2 rs=1 cs=1]
              RenderBlock {DIV} at (1,1) size 242x22 [border: (2px solid #0000FF)]
                RenderFileUploadControl {INPUT} at (2,2) size 238x18 "no file selected"
                  RenderButton {INPUT} at (0,0) size 78x18 [color=#000000D8] [bgcolor=#C0C0C0] [border: (2px outset #C0C0C0)]
                    RenderBlock (anonymous) at (8,2) size 62x13
                      RenderText at (0,0) size 62x13
                        text run at (0,0) width 62: "Choose File"
            RenderTableCell {TD} at (382,2) size 174x38 [r=0 c=3 rs=1 cs=1]
              RenderBlock {DIV} at (1,1) size 171x36 [border: (2px solid #0000FF)]
      RenderBlock {H2} at (0,321) size 769x29
        RenderText {#text} at (0,0) size 200x28
          text run at (0,0) width 200: "Baseline Alignment"
      RenderBlock {DIV} at (0,369) size 769x29
        RenderInline {FONT} at (0,0) size 205x28
          RenderText {#text} at (0,0) size 42x28
            text run at (0,0) width 42: "text "
          RenderButton {INPUT} at (41,9) size 52x18 [color=#000000D8] [bgcolor=#C0C0C0] [border: (2px outset #C0C0C0)]
            RenderBlock (anonymous) at (8,2) size 35x13
              RenderText at (0,0) size 35x13
                text run at (0,0) width 35: "button"
          RenderText {#text} at (92,0) size 7x28
            text run at (92,0) width 7: " "
          RenderMenuList {SELECT} at (98,8) size 63x20 [color=#000000D8] [bgcolor=#FFFFFF] [border: (1px solid #000000D8)]
            RenderBlock (anonymous) at (1,1) size 60x18
              RenderText at (8,2) size 29x13
                text run at (8,2) width 29: "menu"
          RenderText {#text} at (160,0) size 7x28
            text run at (160,0) width 7: " "
          RenderBlock {INPUT} at (168,12) size 13x12
          RenderText {#text} at (182,0) size 7x28
            text run at (182,0) width 7: " "
          RenderBlock {INPUT} at (190,12) size 13x12
          RenderText {#text} at (0,0) size 0x0
      RenderBlock {DIV} at (0,397) size 769x21
        RenderText {#text} at (0,0) size 28x18
          text run at (0,0) width 28: "text "
        RenderButton {INPUT} at (27,1) size 52x18 [color=#000000D8] [bgcolor=#C0C0C0] [border: (2px outset #C0C0C0)]
          RenderBlock (anonymous) at (8,2) size 35x13
            RenderText at (0,0) size 35x13
              text run at (0,0) width 35: "button"
        RenderText {#text} at (78,0) size 5x18
          text run at (78,0) width 5: " "
        RenderMenuList {SELECT} at (82,0) size 63x20 [color=#000000D8] [bgcolor=#FFFFFF] [border: (1px solid #000000D8)]
          RenderBlock (anonymous) at (1,1) size 60x18
            RenderText at (8,2) size 29x13
              text run at (8,2) width 29: "menu"
        RenderText {#text} at (144,0) size 5x18
          text run at (144,0) width 5: " "
        RenderBlock {INPUT} at (150,4) size 13x12
        RenderText {#text} at (164,0) size 5x18
          text run at (164,0) width 5: " "
        RenderBlock {INPUT} at (170,4) size 13x12
        RenderText {#text} at (0,0) size 0x0
      RenderBlock {DIV} at (0,417) size 769x21
        RenderInline {FONT} at (0,4) size 170x13
          RenderText {#text} at (0,4) size 18x13
            text run at (0,4) width 18: "text "
          RenderButton {INPUT} at (17,1) size 51x18 [color=#000000D8] [bgcolor=#C0C0C0] [border: (2px outset #C0C0C0)]
            RenderBlock (anonymous) at (8,2) size 35x13
              RenderText at (0,0) size 35x13
                text run at (0,0) width 35: "button"
          RenderText {#text} at (67,4) size 4x13
            text run at (67,4) width 4: " "
          RenderMenuList {SELECT} at (70,0) size 63x20 [color=#000000D8] [bgcolor=#FFFFFF] [border: (1px solid #000000D8)]
            RenderBlock (anonymous) at (1,1) size 60x18
              RenderText at (8,2) size 29x13
                text run at (8,2) width 29: "menu"
          RenderText {#text} at (132,4) size 3x13
            text run at (132,4) width 3: " "
          RenderBlock {INPUT} at (136,4) size 13x12
          RenderText {#text} at (150,4) size 4x13
            text run at (150,4) width 4: " "
          RenderBlock {INPUT} at (155,4) size 13x12
          RenderText {#text} at (0,0) size 0x0
      RenderBlock {DIV} at (0,437) size 769x39
        RenderText {#text} at (0,18) size 28x18
          text run at (0,18) width 28: "text "
        RenderTextControl {INPUT} at (27,17) size 87x21 [bgcolor=#FFFFFF] [border: (2px inset #808080)]
        RenderText {#text} at (113,18) size 5x18
          text run at (113,18) width 5: " "
        RenderFileUploadControl {INPUT} at (117,19) size 239x18 "no file selected"
          RenderButton {INPUT} at (0,0) size 78x18 [color=#000000D8] [bgcolor=#C0C0C0] [border: (2px outset #C0C0C0)]
            RenderBlock (anonymous) at (8,2) size 62x13
              RenderText at (0,0) size 62x13
                text run at (0,0) width 62: "Choose File"
        RenderText {#text} at (355,18) size 5x18
          text run at (355,18) width 5: " "
        RenderText {#text} at (0,0) size 0x0
      RenderBlock {H2} at (0,494) size 769x29
        RenderText {#text} at (0,0) size 198x28
          text run at (0,0) width 198: "Pop-up Menu Sizes"
      RenderBlock {DIV} at (0,542) size 769x29
        RenderInline {FONT} at (0,0) size 168x28
          RenderText {#text} at (0,0) size 0x0
          RenderMenuList {SELECT} at (0,8) size 38x20 [color=#000000D8] [bgcolor=#FFFFFF] [border: (1px solid #000000D8)]
            RenderBlock (anonymous) at (1,1) size 36x18
              RenderText at (8,2) size 0x13
                text run at (8,2) width 0: " "
          RenderText {#text} at (38,0) size 6x28
            text run at (38,0) width 6: " "
          RenderMenuList {SELECT} at (44,8) size 38x20 [color=#000000D8] [bgcolor=#FFFFFF] [border: (1px solid #000000D8)]
            RenderBlock (anonymous) at (1,1) size 36x18
              RenderText at (8,2) size 3x13
                text run at (8,2) width 3: "|"
          RenderText {#text} at (82,0) size 6x28
            text run at (82,0) width 6: " "
          RenderMenuList {SELECT} at (88,8) size 80x20 [color=#000000D8] [bgcolor=#FFFFFF] [border: (1px solid #000000D8)]
            RenderBlock (anonymous) at (1,1) size 78x18
              RenderText at (8,2) size 47x13
                text run at (8,2) width 47: "xxxxxxxx"
          RenderText {#text} at (0,0) size 0x0
      RenderBlock {DIV} at (0,570) size 769x21
        RenderMenuList {SELECT} at (0,0) size 38x20 [color=#000000D8] [bgcolor=#FFFFFF] [border: (1px solid #000000D8)]
          RenderBlock (anonymous) at (1,1) size 36x18
            RenderText at (8,2) size 0x13
              text run at (8,2) width 0: " "
        RenderText {#text} at (38,0) size 4x18
          text run at (38,0) width 4: " "
        RenderMenuList {SELECT} at (42,0) size 38x20 [color=#000000D8] [bgcolor=#FFFFFF] [border: (1px solid #000000D8)]
          RenderBlock (anonymous) at (1,1) size 36x18
            RenderText at (8,2) size 3x13
              text run at (8,2) width 3: "|"
        RenderText {#text} at (80,0) size 4x18
          text run at (80,0) width 4: " "
        RenderMenuList {SELECT} at (84,0) size 80x20 [color=#000000D8] [bgcolor=#FFFFFF] [border: (1px solid #000000D8)]
          RenderBlock (anonymous) at (1,1) size 78x18
            RenderText at (8,2) size 47x13
              text run at (8,2) width 47: "xxxxxxxx"
        RenderText {#text} at (0,0) size 0x0
      RenderBlock {DIV} at (0,590) size 769x21
        RenderInline {FONT} at (0,4) size 161x13
          RenderText {#text} at (0,0) size 0x0
          RenderMenuList {SELECT} at (0,0) size 38x20 [color=#000000D8] [bgcolor=#FFFFFF] [border: (1px solid #000000D8)]
            RenderBlock (anonymous) at (1,1) size 36x18
              RenderText at (8,2) size 0x13
                text run at (8,2) width 0: " "
          RenderText {#text} at (38,4) size 3x13
            text run at (38,4) width 3: " "
          RenderMenuList {SELECT} at (40,0) size 39x20 [color=#000000D8] [bgcolor=#FFFFFF] [border: (1px solid #000000D8)]
            RenderBlock (anonymous) at (1,1) size 36x18
              RenderText at (8,2) size 3x13
                text run at (8,2) width 3: "|"
          RenderText {#text} at (78,4) size 3x13
            text run at (78,4) width 3: " "
          RenderMenuList {SELECT} at (81,0) size 80x20 [color=#000000D8] [bgcolor=#FFFFFF] [border: (1px solid #000000D8)]
            RenderBlock (anonymous) at (1,1) size 78x18
              RenderText at (8,2) size 47x13
                text run at (8,2) width 47: "xxxxxxxx"
          RenderText {#text} at (0,0) size 0x0
layer at (20,251) size 72x13
  RenderBlock {DIV} at (7,4) size 72x13
    RenderText {#text} at (0,0) size 47x13
      text run at (0,0) width 47: "text field"
layer at (394,247) size 167x32 clip at (395,248) size 165x30
  RenderTextControl {TEXTAREA} at (2,2) size 167x32 [bgcolor=#FFFFFF] [border: (1px solid #000000)]
    RenderBlock {DIV} at (6,3) size 155x13
      RenderText {#text} at (0,0) size 43x13
        text run at (0,0) width 43: "textarea"
layer at (43,466) size 72x13
  RenderBlock {DIV} at (7,4) size 72x13
    RenderText {#text} at (0,0) size 47x13
      text run at (0,0) width 47: "text field"
layer at (368,445) size 167x32 clip at (369,446) size 165x30
  RenderTextControl {TEXTAREA} at (359,0) size 168x32 [bgcolor=#FFFFFF] [border: (1px solid #000000)]
    RenderBlock {DIV} at (6,3) size 155x13
      RenderText {#text} at (0,0) size 43x13
        text run at (0,0) width 43: "textarea"
