layer at (0,0) size 800x600
  RenderView at (0,0) size 800x600
layer at (0,0) size 800x600
  RenderBlock {HTML} at (0,0) size 800x600
    RenderBody {BODY} at (8,8) size 784x576
      RenderBlock (anonymous) at (0,0) size 784x18
        RenderText {#text} at (0,0) size 491x18
          text run at (0,0) width 491: "This tests that the value becomes visible when the text field becomes visible."
      RenderBlock {P} at (0,34) size 784x21
        RenderTextControl {INPUT} at (0,0) size 156x21 [bgcolor=#FFFFFF] [border: (2px inset #808080)]
        RenderText {#text} at (0,0) size 0x0
      RenderBlock {DIV} at (0,71) size 784x0
      RenderBlock {P} at (0,71) size 784x0
layer at (15,46) size 142x13
  RenderBlock {DIV} at (7,4) size 142x13
    RenderText {#text} at (0,0) size 63x13
      text run at (0,0) width 63: "Test Passed"
