layer at (0,0) size 800x600
  RenderView at (0,0) size 800x600
layer at (0,0) size 800x600
  RenderBlock {HTML} at (0,0) size 800x600
    RenderBody {BODY} at (8,8) size 784x584
      RenderText {#text} at (0,0) size 352x18
        text run at (0,0) width 352: "This tests that the new text fields use the correct width."
      RenderBR {BR} at (351,0) size 1x18
      RenderTextControl {INPUT} at (0,18) size 156x21 [bgcolor=#FFFFFF] [border: (2px inset #808080)]
      RenderBR {BR} at (155,19) size 1x18
      RenderTextControl {INPUT} at (0,39) size 200x21 [bgcolor=#FFFFFF] [border: (2px inset #808080)]
      RenderBR {BR} at (200,40) size 0x18
      RenderTextControl {INPUT} at (0,60) size 366x21 [bgcolor=#FFFFFF] [border: (2px inset #808080)]
      RenderBR {BR} at (365,61) size 1x18
      RenderTextControl {INPUT} at (0,81) size 200x21 [bgcolor=#FFFFFF] [border: (2px inset #808080)]
      RenderBR {BR} at (200,82) size 0x18
      RenderTextControl {INPUT} at (0,102) size 86x21 [bgcolor=#FFFFFF] [border: (2px inset #808080)]
      RenderBR {BR} at (85,103) size 1x18
layer at (15,30) size 142x13
  RenderBlock {DIV} at (7,4) size 142x13
layer at (15,51) size 186x13
  RenderBlock {DIV} at (7,4) size 186x13
    RenderText {#text} at (0,0) size 101x13
      text run at (0,0) width 101: "styled width 200px"
layer at (15,72) size 352x13
  RenderBlock {DIV} at (7,4) size 352x13
    RenderText {#text} at (0,0) size 38x13
      text run at (0,0) width 38: "size 50"
layer at (15,93) size 186x13
  RenderBlock {DIV} at (7,4) size 186x13
    RenderText {#text} at (0,0) size 155x13
      text run at (0,0) width 155: "styled width 200px & size=10"
layer at (15,114) size 72x13
  RenderBlock {DIV} at (7,4) size 72x13
    RenderText {#text} at (0,0) size 37x13
      text run at (0,0) width 37: "size 10"
