layer at (0,0) size 800x600
  RenderView at (0,0) size 800x600
layer at (0,0) size 800x600
  RenderBlock {HTML} at (0,0) size 800x600
    RenderBody {BODY} at (8,8) size 784x584
      RenderText {#text} at (0,0) size 336x18
        text run at (0,0) width 336: "This tests that you can set the placeholder text color."
      RenderBR {BR} at (335,0) size 1x18
      RenderTextControl {INPUT} at (0,18) size 156x21 [bgcolor=#FFFFFF] [border: (2px inset #808080)]
      RenderText {#text} at (155,19) size 5x18
        text run at (155,19) width 5: " "
      RenderTextControl {INPUT} at (159,18) size 157x21 [bgcolor=#FFFFFF] [border: (2px inset #808080)]
        RenderFlexibleBox {DIV} at (7,4) size 142x13
          RenderBlock {DIV} at (0,1) size 11x11
          RenderBlock {DIV} at (14,0) size 117x13
          RenderBlock {DIV} at (130,1) size 12x11
      RenderText {#text} at (315,19) size 5x18
        text run at (315,19) width 5: " "
      RenderTextControl {INPUT} at (319,18) size 157x21 [bgcolor=#FFFFFF] [border: (2px inset #808080)]
        RenderFlexibleBox {DIV} at (7,4) size 142x13
          RenderBlock {DIV} at (0,0) size 142x13
      RenderText {#text} at (475,19) size 5x18
        text run at (475,19) width 5: " "
      RenderTextControl {INPUT} at (479,18) size 155x21 [color=color(srgb 0.341176 0.341176 0.341176)] [bgcolor=#FFFFFF] [border: (2px inset #808080)]
      RenderText {#text} at (0,0) size 0x0
      RenderTextControl {INPUT} at (0,39) size 156x21 [bgcolor=#FFFFFF] [border: (2px inset #808080)]
      RenderText {#text} at (155,40) size 5x18
        text run at (155,40) width 5: " "
      RenderTextControl {INPUT} at (159,39) size 157x21 [bgcolor=#FFFFFF] [border: (2px inset #808080)]
      RenderText {#text} at (0,0) size 0x0
layer at (15,30) size 142x13
  RenderBlock {DIV} at (7,4) size 142x13 [color=#640000]
    RenderText {#text} at (0,0) size 21x13
      text run at (0,0) width 21: "text"
layer at (15,30) size 142x13
  RenderBlock {DIV} at (7,4) size 142x13
layer at (190,30) size 116x13
  RenderBlock {DIV} at (21,4) size 117x13 [color=#640000]
    RenderText {#text} at (0,0) size 36x13
      text run at (0,0) width 36: "search"
layer at (190,30) size 116x13
  RenderBlock {DIV} at (0,0) size 116x13
layer at (335,30) size 142x13
  RenderBlock {DIV} at (7,4) size 142x13 [color=#640000]
    RenderText {#text} at (0,0) size 51x13
      text run at (0,0) width 51: "password"
layer at (335,30) size 142x13
  RenderBlock {DIV} at (0,0) size 142x13
layer at (495,30) size 140x13
  RenderBlock {DIV} at (7,4) size 140x13 [color=#640000]
    RenderText {#text} at (0,0) size 68x13
      text run at (0,0) width 68: "disabled text"
layer at (495,30) size 140x13
  RenderBlock {DIV} at (7,4) size 140x13
layer at (15,51) size 142x13
  RenderBlock {DIV} at (7,4) size 142x13 [color=#A9A9A9]
    RenderText {#text} at (0,0) size 37x13
      text run at (0,0) width 37: "default"
layer at (15,51) size 142x13
  RenderBlock {DIV} at (7,4) size 142x13
layer at (175,51) size 142x13
  RenderBlock {DIV} at (7,4) size 142x13 [color=#A9A9A9]
    RenderText {#text} at (0,0) size 85x13
      text run at (0,0) width 85: "default disabled"
layer at (175,51) size 142x13
  RenderBlock {DIV} at (7,4) size 142x13
