layer at (0,0) size 800x600
  RenderView at (0,0) size 800x600
layer at (0,0) size 800x600
  RenderBlock {HTML} at (0,0) size 800x600
    RenderBody {BODY} at (8,8) size 784x576
      RenderBlock {P} at (0,0) size 784x36
        RenderText {#text} at (0,0) size 772x36
          text run at (0,0) width 431: "Test that search field text is vertically centered if the search field is "
          text run at (430,0) width 342: "taller than the text. In each of the following pairs of a"
          text run at (0,18) width 105: "search field and "
          text run at (104,18) width 366: "a text field, the vertical position of the text should be the "
          text run at (469,18) width 125: "same in both fields."
      RenderBlock {P} at (0,52) size 784x45
        RenderTextControl {INPUT} at (0,0) size 148x45 [bgcolor=#FFFFFF] [border: (2px inset #808080)]
          RenderFlexibleBox {DIV} at (3,3) size 142x39
            RenderBlock {DIV} at (0,14) size 11x11
            RenderBlock {DIV} at (14,13) size 117x13
            RenderBlock {DIV} at (130,14) size 12x11
        RenderText {#text} at (147,13) size 5x18
          text run at (147,13) width 5: " "
        RenderTextControl {INPUT} at (151,0) size 149x45 [bgcolor=#FFFFFF] [border: (2px inset #808080)]
        RenderText {#text} at (0,0) size 0x0
      RenderBlock {P} at (0,113) size 784x18
        RenderTextControl {INPUT} at (0,2) size 148x16 [bgcolor=#FFFFFF] [border: (2px inset #808080)]
          RenderFlexibleBox {DIV} at (3,1) size 142x14
            RenderBlock {DIV} at (0,1) size 11x11
            RenderBlock {DIV} at (14,0) size 117x13
            RenderBlock {DIV} at (130,1) size 12x11
        RenderText {#text} at (147,0) size 5x18
          text run at (147,0) width 5: " "
        RenderTextControl {INPUT} at (151,2) size 149x16 [bgcolor=#FFFFFF] [border: (2px inset #808080)]
        RenderText {#text} at (0,0) size 0x0
      RenderBlock {P} at (0,147) size 784x18
        RenderTextControl {INPUT} at (0,5) size 148x12 [bgcolor=#FFFFFF] [border: (2px inset #808080)]
          RenderFlexibleBox {DIV} at (3,0) size 142x12
            RenderBlock {DIV} at (0,0) size 11x12
            RenderBlock {DIV} at (14,3) size 117x6
            RenderBlock {DIV} at (130,0) size 12x12
        RenderText {#text} at (147,0) size 5x18
          text run at (147,0) width 5: " "
        RenderTextControl {INPUT} at (151,4) size 149x12 [bgcolor=#FFFFFF] [border: (2px inset #808080)]
        RenderText {#text} at (0,0) size 0x0
layer at (26,76) size 116x13
  RenderBlock {DIV} at (0,0) size 116x13
    RenderText {#text} at (0,0) size 22x13
      text run at (0,0) width 22: "Text"
layer at (163,76) size 142x13
  RenderBlock {DIV} at (3,16) size 142x13
    RenderText {#text} at (0,0) size 22x13
      text run at (0,0) width 22: "Text"
layer at (26,125) size 116x13
  RenderBlock {DIV} at (0,0) size 116x13
    RenderText {#text} at (0,0) size 22x13
      text run at (0,0) width 22: "Text"
layer at (163,125) size 142x13
  RenderBlock {DIV} at (3,1) size 142x14
    RenderText {#text} at (0,0) size 22x13
      text run at (0,0) width 22: "Text"
layer at (26,163) size 116x6 scrollHeight 13
  RenderBlock {DIV} at (0,0) size 116x6
    RenderText {#text} at (0,0) size 22x13
      text run at (0,0) width 22: "Text"
layer at (163,159) size 142x13
  RenderBlock {DIV} at (3,-1) size 142x14
    RenderText {#text} at (0,0) size 22x13
      text run at (0,0) width 22: "Text"
