layer at (0,0) size 800x600
  RenderView at (0,0) size 800x600
layer at (0,0) size 800x58
  RenderBlock {HTML} at (0,0) size 800x58
    RenderBody {BODY} at (8,8) size 784x42
      RenderBlock {DIV} at (0,0) size 784x21
        RenderText {#text} at (620,1) size 164x18
          text run at (620,1) width 9 RTL: ": "
          text run at (628,1) width 156: "right to left search fields"
        RenderTextControl {INPUT} at (466,0) size 155x21 [bgcolor=#FFFFFF] [border: (2px inset #808080)]
          RenderFlexibleBox {DIV} at (7,4) size 140x13
            RenderBlock {DIV} at (128,1) size 12x11
            RenderBlock {DIV} at (11,0) size 114x13
            RenderBlock {DIV} at (0,1) size 11x11
        RenderText {#text} at (462,1) size 5x18
          text run at (462,1) width 5 RTL: " "
        RenderTextControl {INPUT} at (308,0) size 155x21 [bgcolor=#FFFFFF] [border: (2px inset #808080)]
          RenderFlexibleBox {DIV} at (7,4) size 140x13
            RenderBlock {DIV} at (121,1) size 19x11
            RenderBlock {DIV} at (11,0) size 107x13
            RenderBlock {DIV} at (0,1) size 11x11
        RenderText {#text} at (0,0) size 0x0
      RenderBlock {DIV} at (0,21) size 784x21
        RenderText {#text} at (0,1) size 164x18
          text run at (0,1) width 164: "left to right search fields: "
        RenderTextControl {INPUT} at (163,0) size 157x21 [bgcolor=#FFFFFF] [border: (2px inset #808080)]
          RenderFlexibleBox {DIV} at (7,4) size 142x13
            RenderBlock {DIV} at (0,1) size 11x11
            RenderBlock {DIV} at (14,0) size 117x13
            RenderBlock {DIV} at (130,1) size 12x11
        RenderText {#text} at (319,1) size 5x18
          text run at (319,1) width 5: " "
        RenderTextControl {INPUT} at (323,0) size 157x21 [bgcolor=#FFFFFF] [border: (2px inset #808080)]
          RenderFlexibleBox {DIV} at (7,4) size 142x13
            RenderBlock {DIV} at (0,1) size 17x11
            RenderBlock {DIV} at (20,0) size 111x13
            RenderBlock {DIV} at (130,1) size 12x11
        RenderText {#text} at (0,0) size 0x0
layer at (492,12) size 114x13
  RenderBlock {DIV} at (0,0) size 114x13
    RenderText {#text} at (79,0) size 35x13
      text run at (79,0) width 35: "foobar"
layer at (334,12) size 106x13
  RenderBlock {DIV} at (0,0) size 107x13
    RenderText {#text} at (72,0) size 35x13
      text run at (72,0) width 35: "foobar"
layer at (194,33) size 116x13
  RenderBlock {DIV} at (0,0) size 116x13
    RenderText {#text} at (0,0) size 35x13
      text run at (0,0) width 35: "foobar"
layer at (359,33) size 110x13
  RenderBlock {DIV} at (0,0) size 111x13
    RenderText {#text} at (0,0) size 35x13
      text run at (0,0) width 35: "foobar"
