layer at (0,0) size 800x600
  RenderView at (0,0) size 800x600
layer at (0,0) size 800x600
  RenderBlock {HTML} at (0,0) size 800x600
    RenderBody {BODY} at (8,8) size 784x584
      RenderBlock {P} at (0,0) size 784x18
        RenderText {#text} at (0,0) size 391x18
          text run at (0,0) width 391: "Only the second search field should have a cancel button (\x{D7})."
      RenderBlock (anonymous) at (0,34) size 784x21
        RenderTextControl {INPUT} at (0,0) size 156x21 [bgcolor=#FFFFFF] [border: (2px inset #808080)]
          RenderFlexibleBox {DIV} at (7,4) size 142x13
            RenderBlock {DIV} at (0,1) size 11x11
            RenderBlock {DIV} at (14,0) size 117x13
            RenderBlock {DIV} at (130,1) size 12x11
        RenderText {#text} at (155,1) size 5x18
          text run at (155,1) width 5: " "
        RenderTextControl {INPUT} at (159,0) size 157x21 [bgcolor=#FFFFFF] [border: (2px inset #808080)]
          RenderFlexibleBox {DIV} at (7,4) size 142x13
            RenderBlock {DIV} at (0,1) size 11x11
            RenderBlock {DIV} at (14,0) size 117x13
            RenderBlock {DIV} at (130,1) size 12x11
        RenderText {#text} at (0,0) size 0x0
layer at (30,46) size 116x13
  RenderBlock {DIV} at (0,0) size 116x13
layer at (190,46) size 116x13
  RenderBlock {DIV} at (0,0) size 116x13
    RenderText {#text} at (0,0) size 42x13
      text run at (0,0) width 42: "this one"
