layer at (0,0) size 800x600
  RenderView at (0,0) size 800x600
layer at (0,0) size 800x600
  RenderBlock {HTML} at (0,0) size 800x600
    RenderBody {BODY} at (8,8) size 784x584
      RenderText {#text} at (0,0) size 565x18
        text run at (0,0) width 256: "This tests that styled popups look right. "
        text run at (255,0) width 310: "(Aqua for now- later, we will honor the styling)."
      RenderBR {BR} at (564,0) size 1x18
      RenderMenuList {SELECT} at (0,18) size 52x18 [bgcolor=#FF0000] [border: (1px solid #000000)]
        RenderBlock (anonymous) at (1,1) size 50x16
          RenderText at (8,1) size 21x13
            text run at (8,1) width 21: "test"
      RenderBR {BR} at (52,17) size 0x18
      RenderText {#text} at (0,36) size 541x18
        text run at (0,36) width 541: "This tests that background color is white by default regardless of the parent element."
      RenderBR {BR} at (540,36) size 1x18
      RenderInline {SPAN} at (0,49) size 64x28 [bgcolor=#FF0000]
        RenderText {#text} at (0,0) size 0x0
        RenderMenuList {SELECT} at (5,54) size 54x20 [color=#000000D8] [bgcolor=#FFFFFF] [border: (1px solid #000000D8)]
          RenderBlock (anonymous) at (1,1) size 52x18
            RenderText at (8,2) size 21x13
              text run at (8,2) width 21: "test"
        RenderText {#text} at (0,0) size 0x0
      RenderBR {BR} at (64,54) size 0x18
      RenderText {#text} at (0,74) size 641x18
        text run at (0,74) width 641: "This tests that background color is inherited from the parent if background-color:inherit is specified."
      RenderBR {BR} at (640,74) size 1x18
      RenderInline {SPAN} at (0,87) size 62x28 [bgcolor=#FF0000]
        RenderText {#text} at (0,0) size 0x0
        RenderMenuList {SELECT} at (5,93) size 52x18 [border: (1px solid #000000)]
          RenderBlock (anonymous) at (1,1) size 50x16
            RenderText at (8,1) size 21x13
              text run at (8,1) width 21: "test"
        RenderText {#text} at (0,0) size 0x0
      RenderBR {BR} at (62,92) size 0x18
      RenderText {#text} at (0,111) size 652x18
        text run at (0,111) width 652: "This tests that background color is the same as the parent if background-color:transparent is specified."
      RenderBR {BR} at (651,111) size 1x18
      RenderInline {SPAN} at (0,124) size 62x28 [bgcolor=#FF0000]
        RenderText {#text} at (0,0) size 0x0
        RenderMenuList {SELECT} at (5,130) size 52x18 [border: (1px solid #000000)]
          RenderBlock (anonymous) at (1,1) size 50x16
            RenderText at (8,1) size 21x13
              text run at (8,1) width 21: "test"
        RenderText {#text} at (0,0) size 0x0
      RenderBR {BR} at (62,129) size 0x18
      RenderText {#text} at (0,148) size 508x18
        text run at (0,148) width 508: "This tests that background is white if only background-image:none is specified."
      RenderBR {BR} at (507,148) size 1x18
      RenderMenuList {SELECT} at (0,166) size 52x18 [bgcolor=#FFFFFF] [border: (1px solid #000000)]
        RenderBlock (anonymous) at (1,1) size 50x16
          RenderText at (8,1) size 21x13
            text run at (8,1) width 21: "test"
      RenderBR {BR} at (52,165) size 0x18
      RenderText {#text} at (0,184) size 429x18
        text run at (0,184) width 429: "This tests that the image specified for background-image is visible."
      RenderBR {BR} at (428,184) size 1x18
      RenderMenuList {SELECT} at (0,202) size 52x18 [bgcolor=#FFFFFF] [border: (1px solid #000000)]
        RenderBlock (anonymous) at (1,1) size 50x16
          RenderText at (8,1) size 21x13
            text run at (8,1) width 21: "test"
      RenderText {#text} at (0,0) size 0x0
