layer at (0,0) size 800x600
  RenderView at (0,0) size 800x600
layer at (0,0) size 800x600
  RenderBlock {HTML} at (0,0) size 800x600
    RenderBody {BODY} at (8,8) size 784x584
      RenderMenuList {SELECT} at (0,0) size 68x20 [color=#000000D8] [bgcolor=#FFFFFF] [border: (1px solid #000000D8)]
        RenderBlock (anonymous) at (1,1) size 66x18
          RenderText at (8,2) size 22x13
            text run at (8,2) width 22: "One"
      RenderBR {BR} at (68,0) size 0x18
      RenderMenuList {SELECT} at (0,20) size 68x20 [color=#000000D8] [bgcolor=#FFFFFF] [border: (1px solid #000000D8)]
        RenderBlock (anonymous) at (1,1) size 66x18
          RenderText at (8,2) size 22x13
            text run at (8,2) width 22: "One"
      RenderText {#text} at (0,0) size 0x0
