layer at (0,0) size 800x600
  RenderView at (0,0) size 800x600
layer at (0,0) size 800x405
  RenderBlock {HTML} at (0,0) size 800x405
    RenderBody {BODY} at (8,16) size 784x373
      RenderBlock {P} at (0,0) size 784x36
        RenderText {#text} at (0,0) size 177x18
          text run at (0,0) width 177: "This is a regression test for "
        RenderInline {I} at (0,0) size 750x36
          RenderInline {A} at (176,0) size 354x18 [color=#0000EE]
            RenderText {#text} at (176,0) size 354x18
              text run at (176,0) width 354: "http://bugzilla.opendarwin.org/show_bug.cgi?id=9122"
          RenderText {#text} at (0,0) size 750x36
            text run at (529,0) width 5: " "
            text run at (533,0) width 217: "REGRESSION: Incorrect vertical"
            text run at (0,18) width 312: "position for text fields in a \"display: table\" block"
        RenderText {#text} at (311,18) size 5x18
          text run at (311,18) width 5: "."
      RenderBlock {P} at (0,52) size 784x36
        RenderText {#text} at (0,0) size 752x36
          text run at (0,0) width 752: "Type something in the text field. Resize the window. The text field should not jump down. Delete what you typed and"
          text run at (0,18) width 324: "resize the window. The text field should not move."
      RenderBlock {FORM} at (0,104) size 784x269
        RenderTable {DL} at (0,0) size 181x21
          RenderTableSection (anonymous) at (0,0) size 181x21
            RenderTableRow {DIV} at (0,0) size 181x21
              RenderTableCell {DT} at (0,1) size 25x18 [r=0 c=0 rs=1 cs=1]
                RenderText {#text} at (0,1) size 25x18
                  text run at (0,0) width 25: "Foo"
              RenderTableCell {DD} at (24,0) size 157x21 [r=0 c=1 rs=1 cs=1]
                RenderTextControl {INPUT} at (0,0) size 156x21 [bgcolor=#FFFFFF] [border: (2px inset #808080)]
        RenderBlock {P} at (0,55) size 784x36
          RenderText {#text} at (0,0) size 771x36
            text run at (0,0) width 771: "And here's more. There should not be a difference in distance between the labels, nor any difference in distance between"
            text run at (0,18) width 91: "the text fields."
        RenderTable {DL} at (0,107) size 237x162
          RenderTableSection (anonymous) at (0,0) size 237x162
            RenderTableRow {DIV} at (0,0) size 237x21
              RenderTableCell {DT} at (0,1) size 25x18 [r=0 c=0 rs=1 cs=1]
                RenderText {#text} at (0,1) size 25x18
                  text run at (0,0) width 25: "Foo"
              RenderTableCell {DD} at (24,0) size 213x21 [r=0 c=1 rs=1 cs=1]
                RenderTextControl {INPUT} at (0,0) size 156x21 [bgcolor=#FFFFFF] [border: (2px inset #808080)]
            RenderTableRow {DIV} at (0,21) size 237x21
              RenderTableCell {DT} at (0,22) size 25x18 [r=1 c=0 rs=1 cs=1]
                RenderText {#text} at (0,1) size 25x18
                  text run at (0,0) width 25: "Foo"
              RenderTableCell {DD} at (24,21) size 213x21 [r=1 c=1 rs=1 cs=1]
                RenderTextControl {INPUT} at (0,0) size 156x21 [bgcolor=#FFFFFF] [border: (2px inset #808080)]
            RenderTableRow {DIV} at (0,42) size 237x21
              RenderTableCell {DT} at (0,43) size 25x18 [r=2 c=0 rs=1 cs=1]
                RenderText {#text} at (0,1) size 25x18
                  text run at (0,0) width 25: "Foo"
              RenderTableCell {DD} at (24,42) size 213x21 [r=2 c=1 rs=1 cs=1]
                RenderTextControl {INPUT} at (0,0) size 156x21 [bgcolor=#FFFFFF] [border: (2px inset #808080)]
            RenderTableRow {DIV} at (0,63) size 237x21
              RenderTableCell {DT} at (0,64) size 25x18 [r=3 c=0 rs=1 cs=1]
                RenderText {#text} at (0,1) size 25x18
                  text run at (0,0) width 25: "Foo"
              RenderTableCell {DD} at (24,63) size 213x21 [r=3 c=1 rs=1 cs=1]
                RenderTextControl {INPUT} at (0,0) size 156x21 [bgcolor=#FFFFFF] [border: (2px inset #808080)]
            RenderTableRow {DIV} at (0,84) size 237x21
              RenderTableCell {DT} at (0,85) size 25x18 [r=4 c=0 rs=1 cs=1]
                RenderText {#text} at (0,1) size 25x18
                  text run at (0,0) width 25: "Foo"
              RenderTableCell {DD} at (24,84) size 213x21 [r=4 c=1 rs=1 cs=1]
                RenderTextControl {INPUT} at (0,0) size 156x21 [bgcolor=#FFFFFF] [border: (2px inset #808080)]
            RenderTableRow {DIV} at (0,105) size 237x21
              RenderTableCell {DT} at (0,106) size 25x18 [r=5 c=0 rs=1 cs=1]
                RenderText {#text} at (0,1) size 25x18
                  text run at (0,0) width 25: "Foo"
              RenderTableCell {DD} at (24,105) size 213x21 [r=5 c=1 rs=1 cs=1]
                RenderTextControl {INPUT} at (0,0) size 156x21 [bgcolor=#FFFFFF] [border: (2px inset #808080)]
            RenderTableRow {DIV} at (0,126) size 237x36
              RenderTableCell {DT} at (0,144) size 25x18 [r=6 c=0 rs=1 cs=1]
                RenderText {#text} at (0,18) size 25x18
                  text run at (0,0) width 25: "Foo"
              RenderTableCell {DD} at (24,126) size 213x36 [r=6 c=1 rs=1 cs=1]
                RenderBlock {DIV} at (0,0) size 212x36
                  RenderBR {BR} at (0,0) size 0x18
                  RenderText {#text} at (0,18) size 212x18
                    text run at (0,18) width 212: "Bar (should be aligned with Foo)"
layer at (40,124) size 142x13
  RenderBlock {DIV} at (7,4) size 142x13
layer at (8,157) size 784x2 clip at (0,0) size 0x0
  RenderBlock {HR} at (0,37) size 784x2 [color=#808080] [border: (1px inset #808080)]
layer at (40,231) size 142x13
  RenderBlock {DIV} at (7,4) size 142x13
layer at (40,252) size 142x13
  RenderBlock {DIV} at (7,4) size 142x13
layer at (40,273) size 142x13
  RenderBlock {DIV} at (7,4) size 142x13
    RenderText {#text} at (0,0) size 18x13
      text run at (0,0) width 18: "Bar"
layer at (40,294) size 142x13
  RenderBlock {DIV} at (7,4) size 142x13
    RenderText {#text} at (0,0) size 18x13
      text run at (0,0) width 18: "Bar"
layer at (40,315) size 142x13
  RenderBlock {DIV} at (7,4) size 142x13
layer at (40,336) size 142x13
  RenderBlock {DIV} at (7,4) size 142x13
